Archive member included because of file (symbol)

/opt/devkitPro/libnds/lib/libnds9.a(initSystem.o)
                              /opt/devkitPro/devkitARM/lib/gcc/arm-eabi/4.3.3/../../../../arm-eabi/lib/thumb/ds_arm9_crt0.o (initSystem)
/opt/devkitPro/libnds/lib/libnds9.a(system.o)
                              /opt/devkitPro/libnds/lib/libnds9.a(initSystem.o) (powerValueHandler)
/opt/devkitPro/libnds/lib/libnds9.a(videoGL.o)
                              main.o (glGlobalData)
/opt/devkitPro/libnds/lib/libnds9.a(fifosystem.o)
                              /opt/devkitPro/libnds/lib/libnds9.a(initSystem.o) (fifoSetValue32Handler)
/opt/devkitPro/libnds/lib/libnds9.a(interrupts.o)
                              /opt/devkitPro/libnds/lib/libnds9.a(fifosystem.o) (irqSet)
/opt/devkitPro/libnds/lib/libnds9.a(biosCalls.o)
                              /opt/devkitPro/libnds/lib/libnds9.a(system.o) (swiDelay)
/opt/devkitPro/libnds/lib/libnds9.a(interruptDispatcher.o)
                              /opt/devkitPro/libnds/lib/libnds9.a(interrupts.o) (IntrMain)
/opt/devkitPro/libnds/lib/libnds9.a(trig.o)
                              /opt/devkitPro/libnds/lib/libnds9.a(videoGL.o) (sinLerp)
/opt/devkitPro/libnds/lib/libnds9.a(video.o)
                              /opt/devkitPro/libnds/lib/libnds9.a(videoGL.o) (vramSetMainBanks)
/opt/devkitPro/devkitARM/lib/gcc/arm-eabi/4.3.3/thumb/libgcc.a(_muldi3.o)
                              /opt/devkitPro/libnds/lib/libnds9.a(videoGL.o) (__aeabi_lmul)
/opt/devkitPro/devkitARM/lib/gcc/arm-eabi/4.3.3/../../../../arm-eabi/lib/thumb/libg.a(lib_a-bsearch.o)
                              /opt/devkitPro/libnds/lib/libnds9.a(trig.o) (bsearch)
/opt/devkitPro/devkitARM/lib/gcc/arm-eabi/4.3.3/../../../../arm-eabi/lib/thumb/libg.a(lib_a-init.o)
                              /opt/devkitPro/devkitARM/lib/gcc/arm-eabi/4.3.3/../../../../arm-eabi/lib/thumb/ds_arm9_crt0.o (__libc_init_array)
/opt/devkitPro/devkitARM/lib/gcc/arm-eabi/4.3.3/../../../../arm-eabi/lib/thumb/libg.a(lib_a-malloc.o)
                              /opt/devkitPro/libnds/lib/libnds9.a(videoGL.o) (malloc)
/opt/devkitPro/devkitARM/lib/gcc/arm-eabi/4.3.3/../../../../arm-eabi/lib/thumb/libg.a(lib_a-mallocr.o)
                              /opt/devkitPro/devkitARM/lib/gcc/arm-eabi/4.3.3/../../../../arm-eabi/lib/thumb/libg.a(lib_a-malloc.o) (_malloc_r)
/opt/devkitPro/devkitARM/lib/gcc/arm-eabi/4.3.3/../../../../arm-eabi/lib/thumb/libg.a(lib_a-mlock.o)
                              /opt/devkitPro/devkitARM/lib/gcc/arm-eabi/4.3.3/../../../../arm-eabi/lib/thumb/libg.a(lib_a-mallocr.o) (__malloc_lock)
/opt/devkitPro/devkitARM/lib/gcc/arm-eabi/4.3.3/../../../../arm-eabi/lib/thumb/libg.a(lib_a-realloc.o)
                              /opt/devkitPro/libnds/lib/libnds9.a(videoGL.o) (realloc)
/opt/devkitPro/devkitARM/lib/gcc/arm-eabi/4.3.3/../../../../arm-eabi/lib/thumb/libg.a(lib_a-reallocr.o)
                              /opt/devkitPro/devkitARM/lib/gcc/arm-eabi/4.3.3/../../../../arm-eabi/lib/thumb/libg.a(lib_a-realloc.o) (_realloc_r)
/opt/devkitPro/devkitARM/lib/gcc/arm-eabi/4.3.3/../../../../arm-eabi/lib/thumb/libg.a(lib_a-freer.o)
                              /opt/devkitPro/devkitARM/lib/gcc/arm-eabi/4.3.3/../../../../arm-eabi/lib/thumb/libg.a(lib_a-malloc.o) (_free_r)
/opt/devkitPro/devkitARM/lib/gcc/arm-eabi/4.3.3/../../../../arm-eabi/lib/thumb/libg.a(lib_a-impure.o)
                              /opt/devkitPro/devkitARM/lib/gcc/arm-eabi/4.3.3/../../../../arm-eabi/lib/thumb/libg.a(lib_a-malloc.o) (_impure_ptr)
/opt/devkitPro/devkitARM/lib/gcc/arm-eabi/4.3.3/../../../../arm-eabi/lib/thumb/libg.a(lib_a-memmove.o)
                              /opt/devkitPro/devkitARM/lib/gcc/arm-eabi/4.3.3/../../../../arm-eabi/lib/thumb/libg.a(lib_a-reallocr.o) (memmove)
/opt/devkitPro/devkitARM/lib/gcc/arm-eabi/4.3.3/../../../../arm-eabi/lib/thumb/libsysbase.a(sbrk.o)
                              /opt/devkitPro/devkitARM/lib/gcc/arm-eabi/4.3.3/../../../../arm-eabi/lib/thumb/libg.a(lib_a-mallocr.o) (_sbrk_r)
/opt/devkitPro/devkitARM/lib/gcc/arm-eabi/4.3.3/../../../../arm-eabi/lib/thumb/libsysbase.a(times.o)
                              /opt/devkitPro/libnds/lib/libnds9.a(initSystem.o) (punixTime)
/opt/devkitPro/devkitARM/lib/gcc/arm-eabi/4.3.3/../../../../arm-eabi/lib/thumb/libsysbase.a(malloc_vars.o)
                              /opt/devkitPro/devkitARM/lib/gcc/arm-eabi/4.3.3/../../../../arm-eabi/lib/thumb/ds_arm9_crt0.o (fake_heap_end)
/opt/devkitPro/devkitARM/lib/gcc/arm-eabi/4.3.3/../../../../arm-eabi/lib/thumb/libsysbase.a(build_argv.o)
                              /opt/devkitPro/devkitARM/lib/gcc/arm-eabi/4.3.3/../../../../arm-eabi/lib/thumb/ds_arm9_crt0.o (build_argv)
/opt/devkitPro/devkitARM/lib/gcc/arm-eabi/4.3.3/../../../../arm-eabi/lib/thumb/libg.a(lib_a-errno.o)
                              /opt/devkitPro/devkitARM/lib/gcc/arm-eabi/4.3.3/../../../../arm-eabi/lib/thumb/libsysbase.a(times.o) (__errno)

Allocating common symbols
Common symbol       size              file

fifo_datamsg_data   0x40              /opt/devkitPro/libnds/lib/libnds9.a(fifosystem.o)
fifo_buffer         0x1000            /opt/devkitPro/libnds/lib/libnds9.a(fifosystem.o)
fifo_value32_func   0x40              /opt/devkitPro/libnds/lib/libnds9.a(fifosystem.o)
fifo_address_func   0x40              /opt/devkitPro/libnds/lib/libnds9.a(fifosystem.o)
fifo_freelist_start
                    0x4               /opt/devkitPro/libnds/lib/libnds9.a(fifosystem.o)
fifo_value32_data   0x40              /opt/devkitPro/libnds/lib/libnds9.a(fifosystem.o)
theTime             0x4               /opt/devkitPro/libnds/lib/libnds9.a(initSystem.o)
fifo_sendwords_end  0x4               /opt/devkitPro/libnds/lib/libnds9.a(fifosystem.o)
fifo_rcvdwords_start
                    0x4               /opt/devkitPro/libnds/lib/libnds9.a(fifosystem.o)
fifo_channel_start  0x40              /opt/devkitPro/libnds/lib/libnds9.a(fifosystem.o)
fifo_sendwords_start
                    0x4               /opt/devkitPro/libnds/lib/libnds9.a(fifosystem.o)
punixTime           0x4               /opt/devkitPro/devkitARM/lib/gcc/arm-eabi/4.3.3/../../../../arm-eabi/lib/thumb/libsysbase.a(times.o)
fifo_address_data   0x40              /opt/devkitPro/libnds/lib/libnds9.a(fifosystem.o)
fifo_channel_end    0x40              /opt/devkitPro/libnds/lib/libnds9.a(fifosystem.o)
glGlobalData        0x2020            /opt/devkitPro/libnds/lib/libnds9.a(videoGL.o)
fifo_rcvdwords_end  0x4               /opt/devkitPro/libnds/lib/libnds9.a(fifosystem.o)
fifo_datamsg_func   0x40              /opt/devkitPro/libnds/lib/libnds9.a(fifosystem.o)

Memory Configuration

Name             Origin             Length             Attributes
rom              0x08000000         0x02000000
ewram            0x02000000         0x003ff000
dtcm             0x0b000000         0x00004000
vectors          0x01000000         0x00000100
itcm             0x01000100         0x00007f00
*default*        0x00000000         0xffffffff

Linker script and memory map

                0x01000000                __vectors_start = 0x1000000
                0x01000100                __itcm_start = 0x1000100
                0x023ff000                __ewram_end = 0x23ff000
                0x023ff000                __eheap_end = 0x23ff000
                0x0b000000                __dtcm_start = 0xb000000
                0x0b004000                __dtcm_top = 0xb004000
                0x0b003ff8                __irq_flags = (__dtcm_top - 0x8)
                0x0b003ffc                __irq_vector = (__dtcm_top - 0x4)
                0x0b003f00                __sp_svc = (__dtcm_top - 0x100)
                0x0b003e00                __sp_irq = (__sp_svc - 0x100)
                0x0b003d00                __sp_usr = (__sp_irq - 0x100)

.init           0x02000000      0x30c
                0x02000000                __text_start = .
 *(.init)
 .init          0x02000000      0x300 /opt/devkitPro/devkitARM/lib/gcc/arm-eabi/4.3.3/../../../../arm-eabi/lib/thumb/ds_arm9_crt0.o
                0x02000000                _start
 .init          0x02000300        0x4 /opt/devkitPro/devkitARM/lib/gcc/arm-eabi/4.3.3/thumb/crti.o
                0x02000300                _init
 .init          0x02000304        0x8 /opt/devkitPro/devkitARM/lib/gcc/arm-eabi/4.3.3/thumb/crtn.o
                0x0200030c                . = ALIGN (0x4)

.plt
 *(.plt)

.text           0x02000310     0x3bdc
 *(EXCLUDE_FILE(*.itcm*) .text)
 .text          0x02000310        0x0 /opt/devkitPro/devkitARM/lib/gcc/arm-eabi/4.3.3/../../../../arm-eabi/lib/thumb/ds_arm9_crt0.o
 .text          0x02000310        0x0 /opt/devkitPro/devkitARM/lib/gcc/arm-eabi/4.3.3/thumb/crti.o
 .text          0x02000310       0x70 /opt/devkitPro/devkitARM/lib/gcc/arm-eabi/4.3.3/thumb/crtbegin.o
 .text          0x02000380        0x0 soundbank.bin.o
 .text          0x02000380        0x0 ResRedBG.o
 .text          0x02000380      0x294 main.o
                0x02000380                main
 .text          0x02000614       0xec /opt/devkitPro/libnds/lib/libnds9.a(initSystem.o)
                0x02000614                initSystem
 .text          0x02000700       0xf4 /opt/devkitPro/libnds/lib/libnds9.a(system.o)
                0x020007b0                systemMsgHandler
                0x02000748                powerOn
                0x02000798                powerValueHandler
                0x02000700                ledBlink
                0x0200077c                systemSleep
                0x02000718                powerOff
 .text          0x020007f4      0xa94 /opt/devkitPro/libnds/lib/libnds9.a(videoGL.o)
                0x0200093c                glTexCoord2f32
                0x02000c78                glTexImage2D
                0x020008b0                glGenTextures
                0x02000880                glResetTextures
                0x02000f94                glRotatef32i
                0x02000c20                glTexLoadPal
                0x020009c8                glTexParameter
                0x020007f4                glGetGlobals
                0x02000a48                getNextPaletteSlot
                0x02000a9c                vramGetBank
                0x02000a38                alignVal
                0x02000a20                glGetTexParameter
                0x02000c54                gluTexLoadPal
                0x020007fc                glMaterialf
                0x020008f0                glBindTexture
                0x020009f8                glGetTexturePointer
                0x02000b5c                vramIsTextureBank
                0x02000920                glColorTable
                0x02000bbc                getNextTextureSlot
                0x02000df0                glInit_C
 .text          0x02001288     0x18b8 /opt/devkitPro/libnds/lib/libnds9.a(fifosystem.o)
                0x02002224                fifoInternalRecvPopFirst
                0x02001310                fifoCheckValue32
                0x02001420                fifoCheckDatamsgLength
                0x02001c18                fifoGetLostWordCount
                0x02001b88                fifoGetBufferUsage
                0x020028e8                fifoSendValue32
                0x020027f8                fifoInternalSend
                0x020018f0                fifoGetDatamsg
                0x02001708                fifoGetValue32
                0x02001520                fifoGetAddress
                0x020014b0                fifoCountDatamsg
                0x02001858                fifoForceValue32Handler
                0x02001398                fifoCheckDatamsg
                0x020021c4                fifoInternalRecvPeek
                0x02002718                fifoInternalAllocFreeBlock
                0x020016e0                fifoSetAddressHandler
                0x02002184                fifoInternalProtect
                0x02001acc                fifoForceDatamsgHandler
                0x0200262c                fifoInternalSendEnqueue
                0x02002890                fifoSendDatamsg
                0x02002464                fifoInternalSendEmpty
                0x020025b0                fifoInternalSendInterrupt
                0x02002930                fifoSendAddress
                0x02002474                fifoInternalSendDeque
                0x02001c24                fifoInternalRecvInterrupt
                0x02001288                fifoCheckAddress
                0x0200276c                fifoInternalFreeCheck
                0x020022f8                fifoInternalRecvWordCount
                0x02002378                fifoInternalRecvPushBack
                0x020021a0                fifoInternalUnprotect
                0x02001670                fifoForceAddressHandler
                0x020018c8                fifoSetValue32Handler
                0x02002548                fifoInternalBeginSend
                0x0200296c                fifoInit
                0x02001b60                fifoSetDatamsgHandler
                0x02002748                fifoInternalFreeBlock
 .text          0x02002b40      0x1a8 /opt/devkitPro/libnds/lib/libnds9.a(interrupts.o)
                0x02002c20                irqEnable
                0x02002b44                irqSet
                0x02002c6c                irqDisable
                0x02002ba4                irqInit
                0x02002b40                irqDummy
                0x02002bf0                irqInitHandler
                0x02002cb8                irqClear
 *fill*         0x02002ce8        0x8 ff
 .text          0x02002cf0       0x70 /opt/devkitPro/libnds/lib/libnds9.a(biosCalls.o)
                0x02002d00                swiSleep
                0x02002d3a                swiDecompressLZSSVram
                0x02002d22                swiFastCopy
                0x02002d26                swiSqrt
                0x02002cf0                swiSoftReset
                0x02002d2a                swiCRC16
                0x02002d3e                swiDecompressHuffman
                0x02002d56                swiSetHaltCR
                0x02002d0c                swiRemainder
                0x02002d32                swiUnpackBits
                0x02002d36                swiDecompressLZSSWram
                0x02002d52                swiDecodeDelta16
                0x02002cf4                swiDelay
                0x02002d12                swiDivMod
                0x02002d46                swiDecompressRLEVram
                0x02002d42                swiDecompressRLEWram
                0x02002d4e                swiDecodeDelta8
                0x02002d08                swiDivide
                0x02002d04                swiChangeSoundBias
                0x02002cfc                swiWaitForVBlank
                0x02002cf8                swiIntrWait
                0x02002d2e                swiIsDebugger
                0x02002d4a                swiWaitForIRQ
                0x02002d1e                swiCopy
 .text          0x02002d60        0x0 /opt/devkitPro/libnds/lib/libnds9.a(interruptDispatcher.o)
 .text          0x02002d60      0x264 /opt/devkitPro/libnds/lib/libnds9.a(trig.o)
                0x02002ef8                arcSinComp
                0x02002f28                asinLerp
                0x02002eb8                tanLerp
                0x02002d60                sinLutLookup
                0x02002e6c                tanLutLookup
                0x02002e50                cosLerp
                0x02002fa8                acosLerp
                0x02002db0                sinLerp
 .text          0x02002fc4      0x144 /opt/devkitPro/libnds/lib/libnds9.a(video.o)
                0x02003078                vramSetBankF
                0x02003008                vramRestoreMainBanks
                0x020030a0                vramSetBankH
                0x02003050                vramSetBankD
                0x02003064                vramSetBankE
                0x020030c8                setBrightness
                0x0200308c                vramSetBankG
                0x02003028                vramSetBankB
                0x0200303c                vramSetBankC
                0x020030b4                vramSetBankI
                0x02002fc4                vramSetMainBanks
                0x02003014                vramSetBankA
 .text          0x02003108       0x70 /opt/devkitPro/devkitARM/lib/gcc/arm-eabi/4.3.3/thumb/libgcc.a(_muldi3.o)
                0x02003108                __aeabi_lmul
                0x02003108                __muldi3
 .text          0x02003178       0x5c /opt/devkitPro/devkitARM/lib/gcc/arm-eabi/4.3.3/../../../../arm-eabi/lib/thumb/libg.a(lib_a-bsearch.o)
                0x02003178                bsearch
 .text          0x020031d4       0x88 /opt/devkitPro/devkitARM/lib/gcc/arm-eabi/4.3.3/../../../../arm-eabi/lib/thumb/libg.a(lib_a-init.o)
                0x02003204                __libc_init_array
                0x020031d4                __libc_fini_array
 .text          0x0200325c       0x30 /opt/devkitPro/devkitARM/lib/gcc/arm-eabi/4.3.3/../../../../arm-eabi/lib/thumb/libg.a(lib_a-malloc.o)
                0x02003274                malloc
                0x0200325c                free
 .text          0x0200328c      0x510 /opt/devkitPro/devkitARM/lib/gcc/arm-eabi/4.3.3/../../../../arm-eabi/lib/thumb/libg.a(lib_a-mallocr.o)
                0x0200328c                _malloc_r
 .text          0x0200379c        0x8 /opt/devkitPro/devkitARM/lib/gcc/arm-eabi/4.3.3/../../../../arm-eabi/lib/thumb/libg.a(lib_a-mlock.o)
                0x020037a0                __malloc_unlock
                0x0200379c                __malloc_lock
 .text          0x020037a4       0x1c /opt/devkitPro/devkitARM/lib/gcc/arm-eabi/4.3.3/../../../../arm-eabi/lib/thumb/libg.a(lib_a-realloc.o)
                0x020037a4                realloc
 .text          0x020037c0      0x340 /opt/devkitPro/devkitARM/lib/gcc/arm-eabi/4.3.3/../../../../arm-eabi/lib/thumb/libg.a(lib_a-reallocr.o)
                0x020037c0                _realloc_r
 .text          0x02003b00      0x23c /opt/devkitPro/devkitARM/lib/gcc/arm-eabi/4.3.3/../../../../arm-eabi/lib/thumb/libg.a(lib_a-freer.o)
                0x02003ba8                _free_r
                0x02003b00                _malloc_trim_r
 .text          0x02003d3c        0x0 /opt/devkitPro/devkitARM/lib/gcc/arm-eabi/4.3.3/../../../../arm-eabi/lib/thumb/libg.a(lib_a-impure.o)
 .text          0x02003d3c       0xb0 /opt/devkitPro/devkitARM/lib/gcc/arm-eabi/4.3.3/../../../../arm-eabi/lib/thumb/libg.a(lib_a-memmove.o)
                0x02003d3c                memmove
 .text          0x02003dec       0x54 /opt/devkitPro/devkitARM/lib/gcc/arm-eabi/4.3.3/../../../../arm-eabi/lib/thumb/libsysbase.a(sbrk.o)
                0x02003dec                _sbrk_r
 .text          0x02003e40       0x4c /opt/devkitPro/devkitARM/lib/gcc/arm-eabi/4.3.3/../../../../arm-eabi/lib/thumb/libsysbase.a(times.o)
                0x02003e48                _gettimeofday_r
                0x02003e40                _times_r
                0x02003e74                _times
 .text          0x02003e8c        0x0 /opt/devkitPro/devkitARM/lib/gcc/arm-eabi/4.3.3/../../../../arm-eabi/lib/thumb/libsysbase.a(malloc_vars.o)
 .text          0x02003e8c       0x54 /opt/devkitPro/devkitARM/lib/gcc/arm-eabi/4.3.3/../../../../arm-eabi/lib/thumb/libsysbase.a(build_argv.o)
                0x02003e8c                build_argv
 .text          0x02003ee0        0xc /opt/devkitPro/devkitARM/lib/gcc/arm-eabi/4.3.3/../../../../arm-eabi/lib/thumb/libg.a(lib_a-errno.o)
                0x02003ee0                __errno
 .text          0x02003eec        0x0 /opt/devkitPro/devkitARM/lib/gcc/arm-eabi/4.3.3/thumb/crtend.o
 .text          0x02003eec        0x0 /opt/devkitPro/devkitARM/lib/gcc/arm-eabi/4.3.3/thumb/crtn.o
 *(.text.*)
 *(.stub)
 *(.gnu.warning)
 *(.gnu.linkonce.t*)
 *(.glue_7)
 .glue_7        0x02003eec        0x0 /opt/devkitPro/devkitARM/lib/gcc/arm-eabi/4.3.3/../../../../arm-eabi/lib/thumb/ds_arm9_crt0.o
 .glue_7        0x02003eec        0x0 /opt/devkitPro/devkitARM/lib/gcc/arm-eabi/4.3.3/thumb/crti.o
 .glue_7        0x02003eec        0x0 /opt/devkitPro/devkitARM/lib/gcc/arm-eabi/4.3.3/thumb/crtbegin.o
 .glue_7        0x02003eec        0x0 soundbank.bin.o
 .glue_7        0x02003eec        0x0 ResRedBG.o
 .glue_7        0x02003eec        0x0 main.o
 .glue_7        0x02003eec        0x0 /opt/devkitPro/libnds/lib/libnds9.a(initSystem.o)
 .glue_7        0x02003eec        0x0 /opt/devkitPro/libnds/lib/libnds9.a(system.o)
 .glue_7        0x02003eec        0x0 /opt/devkitPro/libnds/lib/libnds9.a(videoGL.o)
 .glue_7        0x02003eec        0x0 /opt/devkitPro/libnds/lib/libnds9.a(fifosystem.o)
 .glue_7        0x02003eec        0x0 /opt/devkitPro/libnds/lib/libnds9.a(interrupts.o)
 .glue_7        0x02003eec        0x0 /opt/devkitPro/libnds/lib/libnds9.a(biosCalls.o)
 .glue_7        0x02003eec        0x0 /opt/devkitPro/libnds/lib/libnds9.a(interruptDispatcher.o)
 .glue_7        0x02003eec        0x0 /opt/devkitPro/libnds/lib/libnds9.a(trig.o)
 .glue_7        0x02003eec        0x0 /opt/devkitPro/libnds/lib/libnds9.a(video.o)
 .glue_7        0x02003eec        0x0 /opt/devkitPro/devkitARM/lib/gcc/arm-eabi/4.3.3/thumb/libgcc.a(_muldi3.o)
 .glue_7        0x02003eec        0x0 /opt/devkitPro/devkitARM/lib/gcc/arm-eabi/4.3.3/../../../../arm-eabi/lib/thumb/libg.a(lib_a-bsearch.o)
 .glue_7        0x02003eec        0x0 /opt/devkitPro/devkitARM/lib/gcc/arm-eabi/4.3.3/../../../../arm-eabi/lib/thumb/libg.a(lib_a-init.o)
 .glue_7        0x02003eec        0x0 /opt/devkitPro/devkitARM/lib/gcc/arm-eabi/4.3.3/../../../../arm-eabi/lib/thumb/libg.a(lib_a-malloc.o)
 .glue_7        0x02003eec        0x0 /opt/devkitPro/devkitARM/lib/gcc/arm-eabi/4.3.3/../../../../arm-eabi/lib/thumb/libg.a(lib_a-mallocr.o)
 .glue_7        0x02003eec        0x0 /opt/devkitPro/devkitARM/lib/gcc/arm-eabi/4.3.3/../../../../arm-eabi/lib/thumb/libg.a(lib_a-mlock.o)
 .glue_7        0x02003eec        0x0 /opt/devkitPro/devkitARM/lib/gcc/arm-eabi/4.3.3/../../../../arm-eabi/lib/thumb/libg.a(lib_a-realloc.o)
 .glue_7        0x02003eec        0x0 /opt/devkitPro/devkitARM/lib/gcc/arm-eabi/4.3.3/../../../../arm-eabi/lib/thumb/libg.a(lib_a-reallocr.o)
 .glue_7        0x02003eec        0x0 /opt/devkitPro/devkitARM/lib/gcc/arm-eabi/4.3.3/../../../../arm-eabi/lib/thumb/libg.a(lib_a-freer.o)
 .glue_7        0x02003eec        0x0 /opt/devkitPro/devkitARM/lib/gcc/arm-eabi/4.3.3/../../../../arm-eabi/lib/thumb/libg.a(lib_a-impure.o)
 .glue_7        0x02003eec        0x0 /opt/devkitPro/devkitARM/lib/gcc/arm-eabi/4.3.3/../../../../arm-eabi/lib/thumb/libg.a(lib_a-memmove.o)
 .glue_7        0x02003eec        0x0 /opt/devkitPro/devkitARM/lib/gcc/arm-eabi/4.3.3/../../../../arm-eabi/lib/thumb/libsysbase.a(sbrk.o)
 .glue_7        0x02003eec        0x0 /opt/devkitPro/devkitARM/lib/gcc/arm-eabi/4.3.3/../../../../arm-eabi/lib/thumb/libsysbase.a(times.o)
 .glue_7        0x02003eec        0x0 /opt/devkitPro/devkitARM/lib/gcc/arm-eabi/4.3.3/../../../../arm-eabi/lib/thumb/libsysbase.a(malloc_vars.o)
 .glue_7        0x02003eec        0x0 /opt/devkitPro/devkitARM/lib/gcc/arm-eabi/4.3.3/../../../../arm-eabi/lib/thumb/libsysbase.a(build_argv.o)
 .glue_7        0x02003eec        0x0 /opt/devkitPro/devkitARM/lib/gcc/arm-eabi/4.3.3/../../../../arm-eabi/lib/thumb/libg.a(lib_a-errno.o)
 .glue_7        0x02003eec        0x0 /opt/devkitPro/devkitARM/lib/gcc/arm-eabi/4.3.3/thumb/crtend.o
 .glue_7        0x02003eec        0x0 /opt/devkitPro/devkitARM/lib/gcc/arm-eabi/4.3.3/thumb/crtn.o
 *(.glue_7t)
 .glue_7t       0x02003eec        0x0 /opt/devkitPro/devkitARM/lib/gcc/arm-eabi/4.3.3/../../../../arm-eabi/lib/thumb/ds_arm9_crt0.o
 .glue_7t       0x02003eec        0x0 /opt/devkitPro/devkitARM/lib/gcc/arm-eabi/4.3.3/thumb/crti.o
 .glue_7t       0x02003eec        0x0 /opt/devkitPro/devkitARM/lib/gcc/arm-eabi/4.3.3/thumb/crtbegin.o
 .glue_7t       0x02003eec        0x0 soundbank.bin.o
 .glue_7t       0x02003eec        0x0 ResRedBG.o
 .glue_7t       0x02003eec        0x0 main.o
 .glue_7t       0x02003eec        0x0 /opt/devkitPro/libnds/lib/libnds9.a(initSystem.o)
 .glue_7t       0x02003eec        0x0 /opt/devkitPro/libnds/lib/libnds9.a(system.o)
 .glue_7t       0x02003eec        0x0 /opt/devkitPro/libnds/lib/libnds9.a(videoGL.o)
 .glue_7t       0x02003eec        0x0 /opt/devkitPro/libnds/lib/libnds9.a(fifosystem.o)
 .glue_7t       0x02003eec        0x0 /opt/devkitPro/libnds/lib/libnds9.a(interrupts.o)
 .glue_7t       0x02003eec        0x0 /opt/devkitPro/libnds/lib/libnds9.a(biosCalls.o)
 .glue_7t       0x02003eec        0x0 /opt/devkitPro/libnds/lib/libnds9.a(interruptDispatcher.o)
 .glue_7t       0x02003eec        0x0 /opt/devkitPro/libnds/lib/libnds9.a(trig.o)
 .glue_7t       0x02003eec        0x0 /opt/devkitPro/libnds/lib/libnds9.a(video.o)
 .glue_7t       0x02003eec        0x0 /opt/devkitPro/devkitARM/lib/gcc/arm-eabi/4.3.3/thumb/libgcc.a(_muldi3.o)
 .glue_7t       0x02003eec        0x0 /opt/devkitPro/devkitARM/lib/gcc/arm-eabi/4.3.3/../../../../arm-eabi/lib/thumb/libg.a(lib_a-bsearch.o)
 .glue_7t       0x02003eec        0x0 /opt/devkitPro/devkitARM/lib/gcc/arm-eabi/4.3.3/../../../../arm-eabi/lib/thumb/libg.a(lib_a-init.o)
 .glue_7t       0x02003eec        0x0 /opt/devkitPro/devkitARM/lib/gcc/arm-eabi/4.3.3/../../../../arm-eabi/lib/thumb/libg.a(lib_a-malloc.o)
 .glue_7t       0x02003eec        0x0 /opt/devkitPro/devkitARM/lib/gcc/arm-eabi/4.3.3/../../../../arm-eabi/lib/thumb/libg.a(lib_a-mallocr.o)
 .glue_7t       0x02003eec        0x0 /opt/devkitPro/devkitARM/lib/gcc/arm-eabi/4.3.3/../../../../arm-eabi/lib/thumb/libg.a(lib_a-mlock.o)
 .glue_7t       0x02003eec        0x0 /opt/devkitPro/devkitARM/lib/gcc/arm-eabi/4.3.3/../../../../arm-eabi/lib/thumb/libg.a(lib_a-realloc.o)
 .glue_7t       0x02003eec        0x0 /opt/devkitPro/devkitARM/lib/gcc/arm-eabi/4.3.3/../../../../arm-eabi/lib/thumb/libg.a(lib_a-reallocr.o)
 .glue_7t       0x02003eec        0x0 /opt/devkitPro/devkitARM/lib/gcc/arm-eabi/4.3.3/../../../../arm-eabi/lib/thumb/libg.a(lib_a-freer.o)
 .glue_7t       0x02003eec        0x0 /opt/devkitPro/devkitARM/lib/gcc/arm-eabi/4.3.3/../../../../arm-eabi/lib/thumb/libg.a(lib_a-impure.o)
 .glue_7t       0x02003eec        0x0 /opt/devkitPro/devkitARM/lib/gcc/arm-eabi/4.3.3/../../../../arm-eabi/lib/thumb/libg.a(lib_a-memmove.o)
 .glue_7t       0x02003eec        0x0 /opt/devkitPro/devkitARM/lib/gcc/arm-eabi/4.3.3/../../../../arm-eabi/lib/thumb/libsysbase.a(sbrk.o)
 .glue_7t       0x02003eec        0x0 /opt/devkitPro/devkitARM/lib/gcc/arm-eabi/4.3.3/../../../../arm-eabi/lib/thumb/libsysbase.a(times.o)
 .glue_7t       0x02003eec        0x0 /opt/devkitPro/devkitARM/lib/gcc/arm-eabi/4.3.3/../../../../arm-eabi/lib/thumb/libsysbase.a(malloc_vars.o)
 .glue_7t       0x02003eec        0x0 /opt/devkitPro/devkitARM/lib/gcc/arm-eabi/4.3.3/../../../../arm-eabi/lib/thumb/libsysbase.a(build_argv.o)
 .glue_7t       0x02003eec        0x0 /opt/devkitPro/devkitARM/lib/gcc/arm-eabi/4.3.3/../../../../arm-eabi/lib/thumb/libg.a(lib_a-errno.o)
 .glue_7t       0x02003eec        0x0 /opt/devkitPro/devkitARM/lib/gcc/arm-eabi/4.3.3/thumb/crtend.o
 .glue_7t       0x02003eec        0x0 /opt/devkitPro/devkitARM/lib/gcc/arm-eabi/4.3.3/thumb/crtn.o
                0x02003eec                . = ALIGN (0x4)

.vfp11_veneer   0x00000000        0x0
 .vfp11_veneer  0x00000000        0x0 /opt/devkitPro/devkitARM/lib/gcc/arm-eabi/4.3.3/../../../../arm-eabi/lib/thumb/ds_arm9_crt0.o
 .vfp11_veneer  0x00000000        0x0 /opt/devkitPro/devkitARM/lib/gcc/arm-eabi/4.3.3/thumb/crti.o
 .vfp11_veneer  0x00000000        0x0 /opt/devkitPro/devkitARM/lib/gcc/arm-eabi/4.3.3/thumb/crtbegin.o
 .vfp11_veneer  0x00000000        0x0 soundbank.bin.o
 .vfp11_veneer  0x00000000        0x0 ResRedBG.o
 .vfp11_veneer  0x00000000        0x0 main.o
 .vfp11_veneer  0x00000000        0x0 /opt/devkitPro/libnds/lib/libnds9.a(initSystem.o)
 .vfp11_veneer  0x00000000        0x0 /opt/devkitPro/libnds/lib/libnds9.a(system.o)
 .vfp11_veneer  0x00000000        0x0 /opt/devkitPro/libnds/lib/libnds9.a(videoGL.o)
 .vfp11_veneer  0x00000000        0x0 /opt/devkitPro/libnds/lib/libnds9.a(fifosystem.o)
 .vfp11_veneer  0x00000000        0x0 /opt/devkitPro/libnds/lib/libnds9.a(interrupts.o)
 .vfp11_veneer  0x00000000        0x0 /opt/devkitPro/libnds/lib/libnds9.a(biosCalls.o)
 .vfp11_veneer  0x00000000        0x0 /opt/devkitPro/libnds/lib/libnds9.a(interruptDispatcher.o)
 .vfp11_veneer  0x00000000        0x0 /opt/devkitPro/libnds/lib/libnds9.a(trig.o)
 .vfp11_veneer  0x00000000        0x0 /opt/devkitPro/libnds/lib/libnds9.a(video.o)
 .vfp11_veneer  0x00000000        0x0 /opt/devkitPro/devkitARM/lib/gcc/arm-eabi/4.3.3/thumb/libgcc.a(_muldi3.o)
 .vfp11_veneer  0x00000000        0x0 /opt/devkitPro/devkitARM/lib/gcc/arm-eabi/4.3.3/../../../../arm-eabi/lib/thumb/libg.a(lib_a-bsearch.o)
 .vfp11_veneer  0x00000000        0x0 /opt/devkitPro/devkitARM/lib/gcc/arm-eabi/4.3.3/../../../../arm-eabi/lib/thumb/libg.a(lib_a-init.o)
 .vfp11_veneer  0x00000000        0x0 /opt/devkitPro/devkitARM/lib/gcc/arm-eabi/4.3.3/../../../../arm-eabi/lib/thumb/libg.a(lib_a-malloc.o)
 .vfp11_veneer  0x00000000        0x0 /opt/devkitPro/devkitARM/lib/gcc/arm-eabi/4.3.3/../../../../arm-eabi/lib/thumb/libg.a(lib_a-mallocr.o)
 .vfp11_veneer  0x00000000        0x0 /opt/devkitPro/devkitARM/lib/gcc/arm-eabi/4.3.3/../../../../arm-eabi/lib/thumb/libg.a(lib_a-mlock.o)
 .vfp11_veneer  0x00000000        0x0 /opt/devkitPro/devkitARM/lib/gcc/arm-eabi/4.3.3/../../../../arm-eabi/lib/thumb/libg.a(lib_a-realloc.o)
 .vfp11_veneer  0x00000000        0x0 /opt/devkitPro/devkitARM/lib/gcc/arm-eabi/4.3.3/../../../../arm-eabi/lib/thumb/libg.a(lib_a-reallocr.o)
 .vfp11_veneer  0x00000000        0x0 /opt/devkitPro/devkitARM/lib/gcc/arm-eabi/4.3.3/../../../../arm-eabi/lib/thumb/libg.a(lib_a-freer.o)
 .vfp11_veneer  0x00000000        0x0 /opt/devkitPro/devkitARM/lib/gcc/arm-eabi/4.3.3/../../../../arm-eabi/lib/thumb/libg.a(lib_a-impure.o)
 .vfp11_veneer  0x00000000        0x0 /opt/devkitPro/devkitARM/lib/gcc/arm-eabi/4.3.3/../../../../arm-eabi/lib/thumb/libg.a(lib_a-memmove.o)
 .vfp11_veneer  0x00000000        0x0 /opt/devkitPro/devkitARM/lib/gcc/arm-eabi/4.3.3/../../../../arm-eabi/lib/thumb/libsysbase.a(sbrk.o)
 .vfp11_veneer  0x00000000        0x0 /opt/devkitPro/devkitARM/lib/gcc/arm-eabi/4.3.3/../../../../arm-eabi/lib/thumb/libsysbase.a(times.o)
 .vfp11_veneer  0x00000000        0x0 /opt/devkitPro/devkitARM/lib/gcc/arm-eabi/4.3.3/../../../../arm-eabi/lib/thumb/libsysbase.a(malloc_vars.o)
 .vfp11_veneer  0x00000000        0x0 /opt/devkitPro/devkitARM/lib/gcc/arm-eabi/4.3.3/../../../../arm-eabi/lib/thumb/libsysbase.a(build_argv.o)
 .vfp11_veneer  0x00000000        0x0 /opt/devkitPro/devkitARM/lib/gcc/arm-eabi/4.3.3/../../../../arm-eabi/lib/thumb/libg.a(lib_a-errno.o)
 .vfp11_veneer  0x00000000        0x0 /opt/devkitPro/devkitARM/lib/gcc/arm-eabi/4.3.3/thumb/crtend.o
 .vfp11_veneer  0x00000000        0x0 /opt/devkitPro/devkitARM/lib/gcc/arm-eabi/4.3.3/thumb/crtn.o

.v4_bx          0x00000000        0x0
 .v4_bx         0x00000000        0x0 /opt/devkitPro/devkitARM/lib/gcc/arm-eabi/4.3.3/../../../../arm-eabi/lib/thumb/ds_arm9_crt0.o
 .v4_bx         0x00000000        0x0 /opt/devkitPro/devkitARM/lib/gcc/arm-eabi/4.3.3/thumb/crti.o
 .v4_bx         0x00000000        0x0 /opt/devkitPro/devkitARM/lib/gcc/arm-eabi/4.3.3/thumb/crtbegin.o
 .v4_bx         0x00000000        0x0 soundbank.bin.o
 .v4_bx         0x00000000        0x0 ResRedBG.o
 .v4_bx         0x00000000        0x0 main.o
 .v4_bx         0x00000000        0x0 /opt/devkitPro/libnds/lib/libnds9.a(initSystem.o)
 .v4_bx         0x00000000        0x0 /opt/devkitPro/libnds/lib/libnds9.a(system.o)
 .v4_bx         0x00000000        0x0 /opt/devkitPro/libnds/lib/libnds9.a(videoGL.o)
 .v4_bx         0x00000000        0x0 /opt/devkitPro/libnds/lib/libnds9.a(fifosystem.o)
 .v4_bx         0x00000000        0x0 /opt/devkitPro/libnds/lib/libnds9.a(interrupts.o)
 .v4_bx         0x00000000        0x0 /opt/devkitPro/libnds/lib/libnds9.a(biosCalls.o)
 .v4_bx         0x00000000        0x0 /opt/devkitPro/libnds/lib/libnds9.a(interruptDispatcher.o)
 .v4_bx         0x00000000        0x0 /opt/devkitPro/libnds/lib/libnds9.a(trig.o)
 .v4_bx         0x00000000        0x0 /opt/devkitPro/libnds/lib/libnds9.a(video.o)
 .v4_bx         0x00000000        0x0 /opt/devkitPro/devkitARM/lib/gcc/arm-eabi/4.3.3/thumb/libgcc.a(_muldi3.o)
 .v4_bx         0x00000000        0x0 /opt/devkitPro/devkitARM/lib/gcc/arm-eabi/4.3.3/../../../../arm-eabi/lib/thumb/libg.a(lib_a-bsearch.o)
 .v4_bx         0x00000000        0x0 /opt/devkitPro/devkitARM/lib/gcc/arm-eabi/4.3.3/../../../../arm-eabi/lib/thumb/libg.a(lib_a-init.o)
 .v4_bx         0x00000000        0x0 /opt/devkitPro/devkitARM/lib/gcc/arm-eabi/4.3.3/../../../../arm-eabi/lib/thumb/libg.a(lib_a-malloc.o)
 .v4_bx         0x00000000        0x0 /opt/devkitPro/devkitARM/lib/gcc/arm-eabi/4.3.3/../../../../arm-eabi/lib/thumb/libg.a(lib_a-mallocr.o)
 .v4_bx         0x00000000        0x0 /opt/devkitPro/devkitARM/lib/gcc/arm-eabi/4.3.3/../../../../arm-eabi/lib/thumb/libg.a(lib_a-mlock.o)
 .v4_bx         0x00000000        0x0 /opt/devkitPro/devkitARM/lib/gcc/arm-eabi/4.3.3/../../../../arm-eabi/lib/thumb/libg.a(lib_a-realloc.o)
 .v4_bx         0x00000000        0x0 /opt/devkitPro/devkitARM/lib/gcc/arm-eabi/4.3.3/../../../../arm-eabi/lib/thumb/libg.a(lib_a-reallocr.o)
 .v4_bx         0x00000000        0x0 /opt/devkitPro/devkitARM/lib/gcc/arm-eabi/4.3.3/../../../../arm-eabi/lib/thumb/libg.a(lib_a-freer.o)
 .v4_bx         0x00000000        0x0 /opt/devkitPro/devkitARM/lib/gcc/arm-eabi/4.3.3/../../../../arm-eabi/lib/thumb/libg.a(lib_a-impure.o)
 .v4_bx         0x00000000        0x0 /opt/devkitPro/devkitARM/lib/gcc/arm-eabi/4.3.3/../../../../arm-eabi/lib/thumb/libg.a(lib_a-memmove.o)
 .v4_bx         0x00000000        0x0 /opt/devkitPro/devkitARM/lib/gcc/arm-eabi/4.3.3/../../../../arm-eabi/lib/thumb/libsysbase.a(sbrk.o)
 .v4_bx         0x00000000        0x0 /opt/devkitPro/devkitARM/lib/gcc/arm-eabi/4.3.3/../../../../arm-eabi/lib/thumb/libsysbase.a(times.o)
 .v4_bx         0x00000000        0x0 /opt/devkitPro/devkitARM/lib/gcc/arm-eabi/4.3.3/../../../../arm-eabi/lib/thumb/libsysbase.a(malloc_vars.o)
 .v4_bx         0x00000000        0x0 /opt/devkitPro/devkitARM/lib/gcc/arm-eabi/4.3.3/../../../../arm-eabi/lib/thumb/libsysbase.a(build_argv.o)
 .v4_bx         0x00000000        0x0 /opt/devkitPro/devkitARM/lib/gcc/arm-eabi/4.3.3/../../../../arm-eabi/lib/thumb/libg.a(lib_a-errno.o)
 .v4_bx         0x00000000        0x0 /opt/devkitPro/devkitARM/lib/gcc/arm-eabi/4.3.3/thumb/crtend.o
 .v4_bx         0x00000000        0x0 /opt/devkitPro/devkitARM/lib/gcc/arm-eabi/4.3.3/thumb/crtn.o

.fini           0x02003eec        0xc
 *(.fini)
 .fini          0x02003eec        0x4 /opt/devkitPro/devkitARM/lib/gcc/arm-eabi/4.3.3/thumb/crti.o
                0x02003eec                _fini
 .fini          0x02003ef0        0x8 /opt/devkitPro/devkitARM/lib/gcc/arm-eabi/4.3.3/thumb/crtn.o
                0x02003ef8                __text_end = .

.rodata         0x02003ef8     0xc888
 *(.rodata)
 .rodata        0x02003ef8     0xc83c ResRedBG.o
                0x02010538                ResRedBGPal
                0x0200ff38                ResRedBGMap
                0x02003ef8                ResRedBGTiles
 .rodata        0x02010734       0x44 /opt/devkitPro/libnds/lib/libnds9.a(videoGL.o)
 .rodata        0x02010778        0x4 /opt/devkitPro/devkitARM/lib/gcc/arm-eabi/4.3.3/../../../../arm-eabi/lib/thumb/libg.a(lib_a-impure.o)
                0x02010778                _global_impure_ptr
 *all.rodata*(*)
 *(.roda)
 *(.rodata.*)
 .rodata.str1.4
                0x0201077c        0x4 /opt/devkitPro/devkitARM/lib/gcc/arm-eabi/4.3.3/../../../../arm-eabi/lib/thumb/libg.a(lib_a-impure.o)
 *(.gnu.linkonce.r*)
                0x02010780                . = ALIGN (0x4)

.ARM.extab
 *(.ARM.extab* .gnu.linkonce.armextab.*)
                0x02010780                __exidx_start = .

.ARM.exidx
 *(.ARM.exidx* .gnu.linkonce.armexidx.*)
                0x02010780                __exidx_end = .
                0x02010780                . = ALIGN (0x4)
                0x02010780                PROVIDE (__preinit_array_start, .)

.preinit_array
 *(.preinit_array)
                0x02010780                PROVIDE (__preinit_array_end, .)
                0x02010780                PROVIDE (__init_array_start, .)

.init_array     0x02010780        0x4
 *(.init_array)
 .init_array    0x02010780        0x4 /opt/devkitPro/devkitARM/lib/gcc/arm-eabi/4.3.3/thumb/crtbegin.o
                0x02010784                PROVIDE (__init_array_end, .)
                0x02010784                PROVIDE (__fini_array_start, .)

.fini_array     0x02010784        0x4
 *(.fini_array)
 .fini_array    0x02010784        0x4 /opt/devkitPro/devkitARM/lib/gcc/arm-eabi/4.3.3/thumb/crtbegin.o
                0x02010788                PROVIDE (__fini_array_end, .)

.ctors          0x02010788        0x0
 *crtbegin.o(.ctors)
 *(EXCLUDE_FILE(*crtend.o) .ctors)
 *(SORT(.ctors.*))
 *(.ctors)
                0x02010788                . = ALIGN (0x4)

.dtors          0x02010788        0x0
 *crtbegin.o(.dtors)
 *(EXCLUDE_FILE(*crtend.o) .dtors)
 *(SORT(.dtors.*))
 *(.dtors)
                0x02010788                . = ALIGN (0x4)

.eh_frame       0x02010788        0x4
 *(.eh_frame)
 .eh_frame      0x02010788        0x0 /opt/devkitPro/devkitARM/lib/gcc/arm-eabi/4.3.3/thumb/crtbegin.o
 .eh_frame      0x02010788        0x4 /opt/devkitPro/devkitARM/lib/gcc/arm-eabi/4.3.3/thumb/crtend.o
                0x0201078c                . = ALIGN (0x4)

.gcc_except_table
                0x0201078c        0x0
 *(.gcc_except_table)
                0x0201078c                . = ALIGN (0x4)

.jcr            0x0201078c        0x4
 *(.jcr)
 .jcr           0x0201078c        0x0 /opt/devkitPro/devkitARM/lib/gcc/arm-eabi/4.3.3/thumb/crtbegin.o
 .jcr           0x0201078c        0x4 /opt/devkitPro/devkitARM/lib/gcc/arm-eabi/4.3.3/thumb/crtend.o

.got
 *(.got.plt)
 *(.got)
 *(.rel.got)

.ewram          0x02010790        0x0
                0x02010790                __ewram_start = ABSOLUTE (.)
 *(.ewram)
 *ewram.*(.text)
                0x02010790                . = ALIGN (0x4)

.data           0x02010790      0xd18
                0x02010790                __data_start = ABSOLUTE (.)
 *(.data)
 .data          0x02010790        0x0 /opt/devkitPro/devkitARM/lib/gcc/arm-eabi/4.3.3/../../../../arm-eabi/lib/thumb/ds_arm9_crt0.o
 .data          0x02010790        0x0 /opt/devkitPro/devkitARM/lib/gcc/arm-eabi/4.3.3/thumb/crti.o
 .data          0x02010790        0x4 /opt/devkitPro/devkitARM/lib/gcc/arm-eabi/4.3.3/thumb/crtbegin.o
                0x02010790                __dso_handle
 .data          0x02010794        0x0 soundbank.bin.o
 .data          0x02010794        0x0 ResRedBG.o
 .data          0x02010794      0x1c4 main.o
                0x02010798                full
                0x02010898                um
                0x02010818                ld
                0x020108d8                rm
                0x02010918                rd
                0x02010858                lm
                0x020107d8                empty
 .data          0x02010958        0x0 /opt/devkitPro/libnds/lib/libnds9.a(initSystem.o)
 .data          0x02010958        0x0 /opt/devkitPro/libnds/lib/libnds9.a(system.o)
 .data          0x02010958        0x4 /opt/devkitPro/libnds/lib/libnds9.a(videoGL.o)
 .data          0x0201095c        0x0 /opt/devkitPro/libnds/lib/libnds9.a(fifosystem.o)
 .data          0x0201095c        0x0 /opt/devkitPro/libnds/lib/libnds9.a(interrupts.o)
 .data          0x0201095c        0x0 /opt/devkitPro/libnds/lib/libnds9.a(biosCalls.o)
 .data          0x0201095c        0x0 /opt/devkitPro/libnds/lib/libnds9.a(interruptDispatcher.o)
 .data          0x0201095c      0x308 /opt/devkitPro/libnds/lib/libnds9.a(trig.o)
                0x0201095c                SIN_LUT
                0x02010a60                TAN_LUT
 .data          0x02010c64        0x0 /opt/devkitPro/libnds/lib/libnds9.a(video.o)
 .data          0x02010c64        0x0 /opt/devkitPro/devkitARM/lib/gcc/arm-eabi/4.3.3/thumb/libgcc.a(_muldi3.o)
 .data          0x02010c64        0x0 /opt/devkitPro/devkitARM/lib/gcc/arm-eabi/4.3.3/../../../../arm-eabi/lib/thumb/libg.a(lib_a-bsearch.o)
 .data          0x02010c64        0x0 /opt/devkitPro/devkitARM/lib/gcc/arm-eabi/4.3.3/../../../../arm-eabi/lib/thumb/libg.a(lib_a-init.o)
 .data          0x02010c64        0x0 /opt/devkitPro/devkitARM/lib/gcc/arm-eabi/4.3.3/../../../../arm-eabi/lib/thumb/libg.a(lib_a-malloc.o)
 .data          0x02010c64      0x410 /opt/devkitPro/devkitARM/lib/gcc/arm-eabi/4.3.3/../../../../arm-eabi/lib/thumb/libg.a(lib_a-mallocr.o)
                0x02011070                __malloc_sbrk_base
                0x02010c64                __malloc_av_
                0x0201106c                __malloc_trim_threshold
 .data          0x02011074        0x0 /opt/devkitPro/devkitARM/lib/gcc/arm-eabi/4.3.3/../../../../arm-eabi/lib/thumb/libg.a(lib_a-mlock.o)
 .data          0x02011074        0x0 /opt/devkitPro/devkitARM/lib/gcc/arm-eabi/4.3.3/../../../../arm-eabi/lib/thumb/libg.a(lib_a-realloc.o)
 .data          0x02011074        0x0 /opt/devkitPro/devkitARM/lib/gcc/arm-eabi/4.3.3/../../../../arm-eabi/lib/thumb/libg.a(lib_a-reallocr.o)
 .data          0x02011074        0x0 /opt/devkitPro/devkitARM/lib/gcc/arm-eabi/4.3.3/../../../../arm-eabi/lib/thumb/libg.a(lib_a-freer.o)
 *fill*         0x02011074        0x4 ff
 .data          0x02011078      0x430 /opt/devkitPro/devkitARM/lib/gcc/arm-eabi/4.3.3/../../../../arm-eabi/lib/thumb/libg.a(lib_a-impure.o)
                0x02011078                _impure_ptr
 .data          0x020114a8        0x0 /opt/devkitPro/devkitARM/lib/gcc/arm-eabi/4.3.3/../../../../arm-eabi/lib/thumb/libg.a(lib_a-memmove.o)
 .data          0x020114a8        0x0 /opt/devkitPro/devkitARM/lib/gcc/arm-eabi/4.3.3/../../../../arm-eabi/lib/thumb/libsysbase.a(sbrk.o)
 .data          0x020114a8        0x0 /opt/devkitPro/devkitARM/lib/gcc/arm-eabi/4.3.3/../../../../arm-eabi/lib/thumb/libsysbase.a(times.o)
 .data          0x020114a8        0x0 /opt/devkitPro/devkitARM/lib/gcc/arm-eabi/4.3.3/../../../../arm-eabi/lib/thumb/libsysbase.a(malloc_vars.o)
 .data          0x020114a8        0x0 /opt/devkitPro/devkitARM/lib/gcc/arm-eabi/4.3.3/../../../../arm-eabi/lib/thumb/libsysbase.a(build_argv.o)
 .data          0x020114a8        0x0 /opt/devkitPro/devkitARM/lib/gcc/arm-eabi/4.3.3/../../../../arm-eabi/lib/thumb/libg.a(lib_a-errno.o)
 .data          0x020114a8        0x0 /opt/devkitPro/devkitARM/lib/gcc/arm-eabi/4.3.3/thumb/crtend.o
 .data          0x020114a8        0x0 /opt/devkitPro/devkitARM/lib/gcc/arm-eabi/4.3.3/thumb/crtn.o
 *(.data.*)
 *(.gnu.linkonce.d*)
                0x020114a8                . = ALIGN (0x4)
                0x020114a8                __data_end = ABSOLUTE (.)
                0x020114a8                __dtcm_lma = .
                0x020114a8                __bss_vma = .

.dtcm           0x0b000000        0x0 load address 0x020114a8
 *(.dtcm)
 *(.dtcm.*)
                0x0b000000                . = ALIGN (0x4)
                0x0b000000                __dtcm_end = ABSOLUTE (.)
                0x020114a8                __itcm_lma = (__dtcm_lma + SIZEOF (.dtcm))

.itcm           0x01000100      0x190 load address 0x020114a8
 *(.itcm)
 .itcm          0x01000100       0xc8 /opt/devkitPro/libnds/lib/libnds9.a(interrupts.o)
                0x01000100                irqTable
 .itcm          0x010001c8       0xc8 /opt/devkitPro/libnds/lib/libnds9.a(interruptDispatcher.o)
                0x010001c8                IntrMain
 *itcm.*(.text)
                0x01000290                . = ALIGN (0x4)
                0x01000290                __itcm_end = ABSOLUTE (.)
                0x02011638                __vectors_lma = (__itcm_lma + SIZEOF (.itcm))

.vectors        0x01000000        0x0 load address 0x02011638
 *(.vectors)
 *vectors.*(.text)
                0x01000000                . = ALIGN (0x4)
                0x01000000                __vectors_end = ABSOLUTE (.)

.sbss           0x0b000000        0x0
                0x0b000000                __sbss_start = ABSOLUTE (.)
                0x0b000000                __sbss_start__ = ABSOLUTE (.)
 *(.sbss)
                0x0b000000                . = ALIGN (0x4)
                0x0b000000                __sbss_end = ABSOLUTE (.)

.bss            0x020114a8     0x32b4
                0x020114a8                __bss_start = ABSOLUTE (.)
                0x020114a8                __bss_start__ = ABSOLUTE (.)
 *(.dynbss)
 *(.gnu.linkonce.b*)
 *(.bss*)
 .bss           0x020114a8        0x0 /opt/devkitPro/devkitARM/lib/gcc/arm-eabi/4.3.3/../../../../arm-eabi/lib/thumb/ds_arm9_crt0.o
 .bss           0x020114a8        0x0 /opt/devkitPro/devkitARM/lib/gcc/arm-eabi/4.3.3/thumb/crti.o
 .bss           0x020114a8       0x1c /opt/devkitPro/devkitARM/lib/gcc/arm-eabi/4.3.3/thumb/crtbegin.o
 .bss           0x020114c4        0x0 soundbank.bin.o
 .bss           0x020114c4        0x0 ResRedBG.o
 .bss           0x020114c4        0x0 main.o
 .bss           0x020114c4        0x0 /opt/devkitPro/libnds/lib/libnds9.a(initSystem.o)
 .bss           0x020114c4        0x0 /opt/devkitPro/libnds/lib/libnds9.a(system.o)
 .bss           0x020114c4        0x8 /opt/devkitPro/libnds/lib/libnds9.a(videoGL.o)
 .bss           0x020114cc       0x14 /opt/devkitPro/libnds/lib/libnds9.a(fifosystem.o)
                0x020114dc                fifo_lost_words
                0x020114d8                fifo_recv_status
                0x020114cc                fifo_initialized
                0x020114d4                fifo_send_status
                0x020114d0                fifo_protect_levels
 .bss           0x020114e0        0x0 /opt/devkitPro/libnds/lib/libnds9.a(interrupts.o)
 .bss           0x020114e0        0x0 /opt/devkitPro/libnds/lib/libnds9.a(biosCalls.o)
 .bss           0x020114e0        0x0 /opt/devkitPro/libnds/lib/libnds9.a(interruptDispatcher.o)
 .bss           0x020114e0        0x0 /opt/devkitPro/libnds/lib/libnds9.a(trig.o)
 .bss           0x020114e0        0x0 /opt/devkitPro/libnds/lib/libnds9.a(video.o)
 .bss           0x020114e0        0x0 /opt/devkitPro/devkitARM/lib/gcc/arm-eabi/4.3.3/thumb/libgcc.a(_muldi3.o)
 .bss           0x020114e0        0x0 /opt/devkitPro/devkitARM/lib/gcc/arm-eabi/4.3.3/../../../../arm-eabi/lib/thumb/libg.a(lib_a-bsearch.o)
 .bss           0x020114e0        0x0 /opt/devkitPro/devkitARM/lib/gcc/arm-eabi/4.3.3/../../../../arm-eabi/lib/thumb/libg.a(lib_a-init.o)
 .bss           0x020114e0        0x0 /opt/devkitPro/devkitARM/lib/gcc/arm-eabi/4.3.3/../../../../arm-eabi/lib/thumb/libg.a(lib_a-malloc.o)
 .bss           0x020114e0       0x34 /opt/devkitPro/devkitARM/lib/gcc/arm-eabi/4.3.3/../../../../arm-eabi/lib/thumb/libg.a(lib_a-mallocr.o)
                0x020114e0                __malloc_top_pad
                0x020114e4                __malloc_max_sbrked_mem
                0x020114ec                __malloc_current_mallinfo
                0x020114e8                __malloc_max_total_mem
 .bss           0x02011514        0x0 /opt/devkitPro/devkitARM/lib/gcc/arm-eabi/4.3.3/../../../../arm-eabi/lib/thumb/libg.a(lib_a-mlock.o)
 .bss           0x02011514        0x0 /opt/devkitPro/devkitARM/lib/gcc/arm-eabi/4.3.3/../../../../arm-eabi/lib/thumb/libg.a(lib_a-realloc.o)
 .bss           0x02011514        0x0 /opt/devkitPro/devkitARM/lib/gcc/arm-eabi/4.3.3/../../../../arm-eabi/lib/thumb/libg.a(lib_a-reallocr.o)
 .bss           0x02011514        0x0 /opt/devkitPro/devkitARM/lib/gcc/arm-eabi/4.3.3/../../../../arm-eabi/lib/thumb/libg.a(lib_a-freer.o)
 .bss           0x02011514        0x0 /opt/devkitPro/devkitARM/lib/gcc/arm-eabi/4.3.3/../../../../arm-eabi/lib/thumb/libg.a(lib_a-impure.o)
 .bss           0x02011514        0x0 /opt/devkitPro/devkitARM/lib/gcc/arm-eabi/4.3.3/../../../../arm-eabi/lib/thumb/libg.a(lib_a-memmove.o)
 .bss           0x02011514        0x4 /opt/devkitPro/devkitARM/lib/gcc/arm-eabi/4.3.3/../../../../arm-eabi/lib/thumb/libsysbase.a(sbrk.o)
 .bss           0x02011518        0x0 /opt/devkitPro/devkitARM/lib/gcc/arm-eabi/4.3.3/../../../../arm-eabi/lib/thumb/libsysbase.a(times.o)
 .bss           0x02011518        0x8 /opt/devkitPro/devkitARM/lib/gcc/arm-eabi/4.3.3/../../../../arm-eabi/lib/thumb/libsysbase.a(malloc_vars.o)
                0x0201151c                fake_heap_start
                0x02011518                fake_heap_end
 .bss           0x02011520        0x0 /opt/devkitPro/devkitARM/lib/gcc/arm-eabi/4.3.3/../../../../arm-eabi/lib/thumb/libsysbase.a(build_argv.o)
 .bss           0x02011520        0x0 /opt/devkitPro/devkitARM/lib/gcc/arm-eabi/4.3.3/../../../../arm-eabi/lib/thumb/libg.a(lib_a-errno.o)
 .bss           0x02011520        0x0 /opt/devkitPro/devkitARM/lib/gcc/arm-eabi/4.3.3/thumb/crtend.o
 .bss           0x02011520        0x0 /opt/devkitPro/devkitARM/lib/gcc/arm-eabi/4.3.3/thumb/crtn.o
 *(COMMON)
 COMMON         0x02011520        0x4 /opt/devkitPro/libnds/lib/libnds9.a(initSystem.o)
                0x02011520                theTime
 COMMON         0x02011524     0x2020 /opt/devkitPro/libnds/lib/libnds9.a(videoGL.o)
                0x02011524                glGlobalData
 COMMON         0x02013544     0x1214 /opt/devkitPro/libnds/lib/libnds9.a(fifosystem.o)
                0x02013544                fifo_datamsg_data
                0x02013584                fifo_buffer
                0x02014584                fifo_value32_func
                0x020145c4                fifo_address_func
                0x02014604                fifo_freelist_start
                0x02014608                fifo_value32_data
                0x02014648                fifo_sendwords_end
                0x0201464c                fifo_rcvdwords_start
                0x02014650                fifo_channel_start
                0x02014690                fifo_sendwords_start
                0x02014694                fifo_address_data
                0x020146d4                fifo_channel_end
                0x02014714                fifo_rcvdwords_end
                0x02014718                fifo_datamsg_func
 COMMON         0x02014758        0x4 /opt/devkitPro/devkitARM/lib/gcc/arm-eabi/4.3.3/../../../../arm-eabi/lib/thumb/libsysbase.a(times.o)
                0x02014758                punixTime
                0x0201475c                . = ALIGN (0x4)
                0x0201475c                __bss_end = ABSOLUTE (.)
                0x0201475c                __bss_end__ = __bss_end
                0x0201475c                _end = __bss_end__
                0x0201475c                __end__ = __bss_end__

.stab
 *(.stab)

.stabstr
 *(.stabstr)

.stab.excl
 *(.stab.excl)

.stab.exclstr
 *(.stab.exclstr)

.stab.index
 *(.stab.index)

.stab.indexstr
 *(.stab.indexstr)

.comment        0x00000000      0x38e
 *(.comment)
 .comment       0x00000000       0x23 /opt/devkitPro/devkitARM/lib/gcc/arm-eabi/4.3.3/thumb/crtbegin.o
 .comment       0x00000023       0x23 main.o
 .comment       0x00000046       0x23 /opt/devkitPro/libnds/lib/libnds9.a(initSystem.o)
 .comment       0x00000069       0x23 /opt/devkitPro/libnds/lib/libnds9.a(system.o)
 .comment       0x0000008c       0x23 /opt/devkitPro/libnds/lib/libnds9.a(videoGL.o)
 .comment       0x000000af       0x23 /opt/devkitPro/libnds/lib/libnds9.a(fifosystem.o)
 .comment       0x000000d2       0x23 /opt/devkitPro/libnds/lib/libnds9.a(interrupts.o)
 .comment       0x000000f5       0x23 /opt/devkitPro/libnds/lib/libnds9.a(trig.o)
 .comment       0x00000118       0x23 /opt/devkitPro/libnds/lib/libnds9.a(video.o)
 .comment       0x0000013b       0x23 /opt/devkitPro/devkitARM/lib/gcc/arm-eabi/4.3.3/thumb/libgcc.a(_muldi3.o)
 .comment       0x0000015e       0x23 /opt/devkitPro/devkitARM/lib/gcc/arm-eabi/4.3.3/../../../../arm-eabi/lib/thumb/libg.a(lib_a-bsearch.o)
 .comment       0x00000181       0x23 /opt/devkitPro/devkitARM/lib/gcc/arm-eabi/4.3.3/../../../../arm-eabi/lib/thumb/libg.a(lib_a-init.o)
 .comment       0x000001a4       0x23 /opt/devkitPro/devkitARM/lib/gcc/arm-eabi/4.3.3/../../../../arm-eabi/lib/thumb/libg.a(lib_a-malloc.o)
 .comment       0x000001c7       0x23 /opt/devkitPro/devkitARM/lib/gcc/arm-eabi/4.3.3/../../../../arm-eabi/lib/thumb/libg.a(lib_a-mallocr.o)
 .comment       0x000001ea       0x23 /opt/devkitPro/devkitARM/lib/gcc/arm-eabi/4.3.3/../../../../arm-eabi/lib/thumb/libg.a(lib_a-mlock.o)
 .comment       0x0000020d       0x23 /opt/devkitPro/devkitARM/lib/gcc/arm-eabi/4.3.3/../../../../arm-eabi/lib/thumb/libg.a(lib_a-realloc.o)
 .comment       0x00000230       0x23 /opt/devkitPro/devkitARM/lib/gcc/arm-eabi/4.3.3/../../../../arm-eabi/lib/thumb/libg.a(lib_a-reallocr.o)
 .comment       0x00000253       0x23 /opt/devkitPro/devkitARM/lib/gcc/arm-eabi/4.3.3/../../../../arm-eabi/lib/thumb/libg.a(lib_a-freer.o)
 .comment       0x00000276       0x23 /opt/devkitPro/devkitARM/lib/gcc/arm-eabi/4.3.3/../../../../arm-eabi/lib/thumb/libg.a(lib_a-impure.o)
 .comment       0x00000299       0x23 /opt/devkitPro/devkitARM/lib/gcc/arm-eabi/4.3.3/../../../../arm-eabi/lib/thumb/libg.a(lib_a-memmove.o)
 .comment       0x000002bc       0x23 /opt/devkitPro/devkitARM/lib/gcc/arm-eabi/4.3.3/../../../../arm-eabi/lib/thumb/libsysbase.a(sbrk.o)
 .comment       0x000002df       0x23 /opt/devkitPro/devkitARM/lib/gcc/arm-eabi/4.3.3/../../../../arm-eabi/lib/thumb/libsysbase.a(times.o)
 .comment       0x00000302       0x23 /opt/devkitPro/devkitARM/lib/gcc/arm-eabi/4.3.3/../../../../arm-eabi/lib/thumb/libsysbase.a(malloc_vars.o)
 .comment       0x00000325       0x23 /opt/devkitPro/devkitARM/lib/gcc/arm-eabi/4.3.3/../../../../arm-eabi/lib/thumb/libsysbase.a(build_argv.o)
 .comment       0x00000348       0x23 /opt/devkitPro/devkitARM/lib/gcc/arm-eabi/4.3.3/../../../../arm-eabi/lib/thumb/libg.a(lib_a-errno.o)
 .comment       0x0000036b       0x23 /opt/devkitPro/devkitARM/lib/gcc/arm-eabi/4.3.3/thumb/crtend.o

.debug
 *(.debug)

.line
 *(.line)

.debug_srcinfo
 *(.debug_srcinfo)

.debug_sfnames
 *(.debug_sfnames)

.debug_aranges  0x00000000      0x190
 *(.debug_aranges)
 .debug_aranges
                0x00000000       0x28 /opt/devkitPro/devkitARM/lib/gcc/arm-eabi/4.3.3/thumb/crti.o
 .debug_aranges
                0x00000028       0x20 main.o
 .debug_aranges
                0x00000048       0x20 /opt/devkitPro/libnds/lib/libnds9.a(initSystem.o)
 .debug_aranges
                0x00000068       0x20 /opt/devkitPro/libnds/lib/libnds9.a(system.o)
 .debug_aranges
                0x00000088       0x20 /opt/devkitPro/libnds/lib/libnds9.a(videoGL.o)
 .debug_aranges
                0x000000a8       0x20 /opt/devkitPro/libnds/lib/libnds9.a(fifosystem.o)
 .debug_aranges
                0x000000c8       0x20 /opt/devkitPro/libnds/lib/libnds9.a(interrupts.o)
 .debug_aranges
                0x000000e8       0x20 /opt/devkitPro/libnds/lib/libnds9.a(biosCalls.o)
 .debug_aranges
                0x00000108       0x20 /opt/devkitPro/libnds/lib/libnds9.a(interruptDispatcher.o)
 .debug_aranges
                0x00000128       0x20 /opt/devkitPro/libnds/lib/libnds9.a(trig.o)
 .debug_aranges
                0x00000148       0x20 /opt/devkitPro/libnds/lib/libnds9.a(video.o)
 .debug_aranges
                0x00000168       0x28 /opt/devkitPro/devkitARM/lib/gcc/arm-eabi/4.3.3/thumb/crtn.o

.debug_pubnames
                0x00000000      0x9b2
 *(.debug_pubnames)
 .debug_pubnames
                0x00000000       0x51 main.o
 .debug_pubnames
                0x00000051       0x2d /opt/devkitPro/libnds/lib/libnds9.a(initSystem.o)
 .debug_pubnames
                0x0000007e       0x73 /opt/devkitPro/libnds/lib/libnds9.a(system.o)
 .debug_pubnames
                0x000000f1      0x194 /opt/devkitPro/libnds/lib/libnds9.a(videoGL.o)
 .debug_pubnames
                0x00000285      0x529 /opt/devkitPro/libnds/lib/libnds9.a(fifosystem.o)
 .debug_pubnames
                0x000007ae       0x80 /opt/devkitPro/libnds/lib/libnds9.a(interrupts.o)
 .debug_pubnames
                0x0000082e       0x99 /opt/devkitPro/libnds/lib/libnds9.a(trig.o)
 .debug_pubnames
                0x000008c7       0xeb /opt/devkitPro/libnds/lib/libnds9.a(video.o)

.debug_info     0x00000000     0x4589
 *(.debug_info)
 .debug_info    0x00000000       0x68 /opt/devkitPro/devkitARM/lib/gcc/arm-eabi/4.3.3/thumb/crti.o
 .debug_info    0x00000068      0x655 main.o
 .debug_info    0x000006bd      0x36a /opt/devkitPro/libnds/lib/libnds9.a(initSystem.o)
 .debug_info    0x00000a27      0x503 /opt/devkitPro/libnds/lib/libnds9.a(system.o)
 .debug_info    0x00000f2a     0x1382 /opt/devkitPro/libnds/lib/libnds9.a(videoGL.o)
 .debug_info    0x000022ac     0x1452 /opt/devkitPro/libnds/lib/libnds9.a(fifosystem.o)
 .debug_info    0x000036fe      0x321 /opt/devkitPro/libnds/lib/libnds9.a(interrupts.o)
 .debug_info    0x00003a1f       0xc7 /opt/devkitPro/libnds/lib/libnds9.a(biosCalls.o)
 .debug_info    0x00003ae6       0xd1 /opt/devkitPro/libnds/lib/libnds9.a(interruptDispatcher.o)
 .debug_info    0x00003bb7      0x3a7 /opt/devkitPro/libnds/lib/libnds9.a(trig.o)
 .debug_info    0x00003f5e      0x5c3 /opt/devkitPro/libnds/lib/libnds9.a(video.o)
 .debug_info    0x00004521       0x68 /opt/devkitPro/devkitARM/lib/gcc/arm-eabi/4.3.3/thumb/crtn.o

.debug_abbrev   0x00000000      0xfb1
 *(.debug_abbrev)
 .debug_abbrev  0x00000000       0x12 /opt/devkitPro/devkitARM/lib/gcc/arm-eabi/4.3.3/thumb/crti.o
 .debug_abbrev  0x00000012      0x19d main.o
 .debug_abbrev  0x000001af      0x15d /opt/devkitPro/libnds/lib/libnds9.a(initSystem.o)
 .debug_abbrev  0x0000030c      0x14f /opt/devkitPro/libnds/lib/libnds9.a(system.o)
 .debug_abbrev  0x0000045b      0x3fe /opt/devkitPro/libnds/lib/libnds9.a(videoGL.o)
 .debug_abbrev  0x00000859      0x349 /opt/devkitPro/libnds/lib/libnds9.a(fifosystem.o)
 .debug_abbrev  0x00000ba2      0x161 /opt/devkitPro/libnds/lib/libnds9.a(interrupts.o)
 .debug_abbrev  0x00000d03       0x14 /opt/devkitPro/libnds/lib/libnds9.a(biosCalls.o)
 .debug_abbrev  0x00000d17       0x14 /opt/devkitPro/libnds/lib/libnds9.a(interruptDispatcher.o)
 .debug_abbrev  0x00000d2b      0x178 /opt/devkitPro/libnds/lib/libnds9.a(trig.o)
 .debug_abbrev  0x00000ea3       0xfc /opt/devkitPro/libnds/lib/libnds9.a(video.o)
 .debug_abbrev  0x00000f9f       0x12 /opt/devkitPro/devkitARM/lib/gcc/arm-eabi/4.3.3/thumb/crtn.o

.debug_line     0x00000000     0x1ec0
 *(.debug_line)
 .debug_line    0x00000000       0x49 /opt/devkitPro/devkitARM/lib/gcc/arm-eabi/4.3.3/thumb/crti.o
 .debug_line    0x00000049      0x200 main.o
 .debug_line    0x00000249      0x31e /opt/devkitPro/libnds/lib/libnds9.a(initSystem.o)
 .debug_line    0x00000567      0x2d1 /opt/devkitPro/libnds/lib/libnds9.a(system.o)
 .debug_line    0x00000838      0x595 /opt/devkitPro/libnds/lib/libnds9.a(videoGL.o)
 .debug_line    0x00000dcd      0x936 /opt/devkitPro/libnds/lib/libnds9.a(fifosystem.o)
 .debug_line    0x00001703      0x1d9 /opt/devkitPro/libnds/lib/libnds9.a(interrupts.o)
 .debug_line    0x000018dc       0xc5 /opt/devkitPro/libnds/lib/libnds9.a(biosCalls.o)
 .debug_line    0x000019a1       0xc3 /opt/devkitPro/libnds/lib/libnds9.a(interruptDispatcher.o)
 .debug_line    0x00001a64      0x1dd /opt/devkitPro/libnds/lib/libnds9.a(trig.o)
 .debug_line    0x00001c41      0x200 /opt/devkitPro/libnds/lib/libnds9.a(video.o)
 .debug_line    0x00001e41       0x7f /opt/devkitPro/devkitARM/lib/gcc/arm-eabi/4.3.3/thumb/crtn.o

.debug_frame    0x00000000      0xa30
 *(.debug_frame)
 .debug_frame   0x00000000       0x44 main.o
 .debug_frame   0x00000044       0x2c /opt/devkitPro/libnds/lib/libnds9.a(initSystem.o)
 .debug_frame   0x00000070       0xa4 /opt/devkitPro/libnds/lib/libnds9.a(system.o)
 .debug_frame   0x00000114      0x240 /opt/devkitPro/libnds/lib/libnds9.a(videoGL.o)
 .debug_frame   0x00000354      0x468 /opt/devkitPro/libnds/lib/libnds9.a(fifosystem.o)
 .debug_frame   0x000007bc       0xb0 /opt/devkitPro/libnds/lib/libnds9.a(interrupts.o)
 .debug_frame   0x0000086c       0xe0 /opt/devkitPro/libnds/lib/libnds9.a(trig.o)
 .debug_frame   0x0000094c       0xe4 /opt/devkitPro/libnds/lib/libnds9.a(video.o)

.debug_str      0x00000000     0x2291
 *(.debug_str)
 .debug_str     0x00000000      0x608 main.o
                                0x653 (size before relaxing)
 .debug_str     0x00000608      0x2d2 /opt/devkitPro/libnds/lib/libnds9.a(initSystem.o)
                                0x39d (size before relaxing)
 .debug_str     0x000008da      0x2d8 /opt/devkitPro/libnds/lib/libnds9.a(system.o)
                                0x4ad (size before relaxing)
 .debug_str     0x00000bb2      0x8ac /opt/devkitPro/libnds/lib/libnds9.a(videoGL.o)
                                0xc6c (size before relaxing)
 .debug_str     0x0000145e      0x71a /opt/devkitPro/libnds/lib/libnds9.a(fifosystem.o)
                                0x8ff (size before relaxing)
 .debug_str     0x00001b78      0x13f /opt/devkitPro/libnds/lib/libnds9.a(interrupts.o)
                                0x2f0 (size before relaxing)
 .debug_str     0x00001cb7       0xc8 /opt/devkitPro/libnds/lib/libnds9.a(trig.o)
                                0x199 (size before relaxing)
 .debug_str     0x00001d7f      0x512 /opt/devkitPro/libnds/lib/libnds9.a(video.o)
                                0xae7 (size before relaxing)

.debug_loc      0x00000000     0x28e0
 *(.debug_loc)
 .debug_loc     0x00000000       0x56 main.o
 .debug_loc     0x00000056       0x3e /opt/devkitPro/libnds/lib/libnds9.a(initSystem.o)
 .debug_loc     0x00000094      0x19d /opt/devkitPro/libnds/lib/libnds9.a(system.o)
 .debug_loc     0x00000231      0x85d /opt/devkitPro/libnds/lib/libnds9.a(videoGL.o)
 .debug_loc     0x00000a8e     0x175d /opt/devkitPro/libnds/lib/libnds9.a(fifosystem.o)
 .debug_loc     0x000021eb      0x13d /opt/devkitPro/libnds/lib/libnds9.a(interrupts.o)
 .debug_loc     0x00002328      0x429 /opt/devkitPro/libnds/lib/libnds9.a(trig.o)
 .debug_loc     0x00002751      0x18f /opt/devkitPro/libnds/lib/libnds9.a(video.o)

.debug_macinfo
 *(.debug_macinfo)

.debug_weaknames
 *(.debug_weaknames)

.debug_funcnames
 *(.debug_funcnames)

.debug_typenames
 *(.debug_typenames)

.debug_varnames
 *(.debug_varnames)

.stack          0x00080000        0x0
                0x00080000                _stack = .
 *(.stack)
LOAD /opt/devkitPro/devkitARM/lib/gcc/arm-eabi/4.3.3/../../../../arm-eabi/lib/thumb/ds_arm9_crt0.o
LOAD /opt/devkitPro/devkitARM/lib/gcc/arm-eabi/4.3.3/thumb/crti.o
LOAD /opt/devkitPro/devkitARM/lib/gcc/arm-eabi/4.3.3/thumb/crtbegin.o
LOAD soundbank.bin.o
LOAD ResRedBG.o
LOAD main.o
LOAD /opt/devkitPro/libnds/lib/libnds9.a
LOAD /opt/devkitPro/libnds/lib/libmm9.a
LOAD /opt/devkitPro/devkitARM/lib/gcc/arm-eabi/4.3.3/../../../../arm-eabi/lib/thumb/libm.a
START GROUP
LOAD /opt/devkitPro/devkitARM/lib/gcc/arm-eabi/4.3.3/thumb/libgcc.a
LOAD /opt/devkitPro/devkitARM/lib/gcc/arm-eabi/4.3.3/../../../../arm-eabi/lib/thumb/libg.a
LOAD /opt/devkitPro/devkitARM/lib/gcc/arm-eabi/4.3.3/../../../../arm-eabi/lib/thumb/libc.a
LOAD /opt/devkitPro/devkitARM/lib/gcc/arm-eabi/4.3.3/../../../../arm-eabi/lib/thumb/libsysbase.a
END GROUP
LOAD /opt/devkitPro/devkitARM/lib/gcc/arm-eabi/4.3.3/thumb/crtend.o
LOAD /opt/devkitPro/devkitARM/lib/gcc/arm-eabi/4.3.3/thumb/crtn.o
OUTPUT(/home/nds/files/workspace/project-nds/ProjectTemplate/GeometryDash/GeometryDash.elf elf32-littlearm)

.ARM.attributes
                0x00000000       0x2f
 .ARM.attributes
                0x00000000       0x1f /opt/devkitPro/devkitARM/lib/gcc/arm-eabi/4.3.3/../../../../arm-eabi/lib/thumb/ds_arm9_crt0.o
 .ARM.attributes
                0x0000001f       0x1e /opt/devkitPro/devkitARM/lib/gcc/arm-eabi/4.3.3/thumb/crti.o
 .ARM.attributes
                0x0000003d       0x2e /opt/devkitPro/devkitARM/lib/gcc/arm-eabi/4.3.3/thumb/crtbegin.o
 .ARM.attributes
                0x0000006b       0x10 soundbank.bin.o
 .ARM.attributes
                0x0000007b       0x17 ResRedBG.o
 .ARM.attributes
                0x00000092       0x25 main.o
 .ARM.attributes
                0x000000b7       0x25 /opt/devkitPro/libnds/lib/libnds9.a(initSystem.o)
 .ARM.attributes
                0x000000dc       0x25 /opt/devkitPro/libnds/lib/libnds9.a(system.o)
 .ARM.attributes
                0x00000101       0x25 /opt/devkitPro/libnds/lib/libnds9.a(videoGL.o)
 .ARM.attributes
                0x00000126       0x25 /opt/devkitPro/libnds/lib/libnds9.a(fifosystem.o)
 .ARM.attributes
                0x0000014b       0x25 /opt/devkitPro/libnds/lib/libnds9.a(interrupts.o)
 .ARM.attributes
                0x00000170       0x19 /opt/devkitPro/libnds/lib/libnds9.a(biosCalls.o)
 .ARM.attributes
                0x00000189       0x19 /opt/devkitPro/libnds/lib/libnds9.a(interruptDispatcher.o)
 .ARM.attributes
                0x000001a2       0x25 /opt/devkitPro/libnds/lib/libnds9.a(trig.o)
 .ARM.attributes
                0x000001c7       0x25 /opt/devkitPro/libnds/lib/libnds9.a(video.o)
 .ARM.attributes
                0x000001ec       0x2e /opt/devkitPro/devkitARM/lib/gcc/arm-eabi/4.3.3/thumb/libgcc.a(_muldi3.o)
 .ARM.attributes
                0x0000021a       0x2e /opt/devkitPro/devkitARM/lib/gcc/arm-eabi/4.3.3/../../../../arm-eabi/lib/thumb/libg.a(lib_a-bsearch.o)
 .ARM.attributes
                0x00000248       0x2e /opt/devkitPro/devkitARM/lib/gcc/arm-eabi/4.3.3/../../../../arm-eabi/lib/thumb/libg.a(lib_a-init.o)
 .ARM.attributes
                0x00000276       0x2e /opt/devkitPro/devkitARM/lib/gcc/arm-eabi/4.3.3/../../../../arm-eabi/lib/thumb/libg.a(lib_a-malloc.o)
 .ARM.attributes
                0x000002a4       0x2e /opt/devkitPro/devkitARM/lib/gcc/arm-eabi/4.3.3/../../../../arm-eabi/lib/thumb/libg.a(lib_a-mallocr.o)
 .ARM.attributes
                0x000002d2       0x2e /opt/devkitPro/devkitARM/lib/gcc/arm-eabi/4.3.3/../../../../arm-eabi/lib/thumb/libg.a(lib_a-mlock.o)
 .ARM.attributes
                0x00000300       0x2e /opt/devkitPro/devkitARM/lib/gcc/arm-eabi/4.3.3/../../../../arm-eabi/lib/thumb/libg.a(lib_a-realloc.o)
 .ARM.attributes
                0x0000032e       0x2e /opt/devkitPro/devkitARM/lib/gcc/arm-eabi/4.3.3/../../../../arm-eabi/lib/thumb/libg.a(lib_a-reallocr.o)
 .ARM.attributes
                0x0000035c       0x2e /opt/devkitPro/devkitARM/lib/gcc/arm-eabi/4.3.3/../../../../arm-eabi/lib/thumb/libg.a(lib_a-freer.o)
 .ARM.attributes
                0x0000038a       0x2c /opt/devkitPro/devkitARM/lib/gcc/arm-eabi/4.3.3/../../../../arm-eabi/lib/thumb/libg.a(lib_a-impure.o)
 .ARM.attributes
                0x000003b6       0x2e /opt/devkitPro/devkitARM/lib/gcc/arm-eabi/4.3.3/../../../../arm-eabi/lib/thumb/libg.a(lib_a-memmove.o)
 .ARM.attributes
                0x000003e4       0x2e /opt/devkitPro/devkitARM/lib/gcc/arm-eabi/4.3.3/../../../../arm-eabi/lib/thumb/libsysbase.a(sbrk.o)
 .ARM.attributes
                0x00000412       0x2e /opt/devkitPro/devkitARM/lib/gcc/arm-eabi/4.3.3/../../../../arm-eabi/lib/thumb/libsysbase.a(times.o)
 .ARM.attributes
                0x00000440       0x2c /opt/devkitPro/devkitARM/lib/gcc/arm-eabi/4.3.3/../../../../arm-eabi/lib/thumb/libsysbase.a(malloc_vars.o)
 .ARM.attributes
                0x0000046c       0x2e /opt/devkitPro/devkitARM/lib/gcc/arm-eabi/4.3.3/../../../../arm-eabi/lib/thumb/libsysbase.a(build_argv.o)
 .ARM.attributes
                0x0000049a       0x2e /opt/devkitPro/devkitARM/lib/gcc/arm-eabi/4.3.3/../../../../arm-eabi/lib/thumb/libg.a(lib_a-errno.o)
 .ARM.attributes
                0x000004c8       0x2c /opt/devkitPro/devkitARM/lib/gcc/arm-eabi/4.3.3/thumb/crtend.o
 .ARM.attributes
                0x000004f4       0x1e /opt/devkitPro/devkitARM/lib/gcc/arm-eabi/4.3.3/thumb/crtn.o

.debug_ranges   0x00000000      0xd48
 .debug_ranges  0x00000000       0x20 /opt/devkitPro/devkitARM/lib/gcc/arm-eabi/4.3.3/thumb/crti.o
 .debug_ranges  0x00000020      0x588 /opt/devkitPro/libnds/lib/libnds9.a(videoGL.o)
 .debug_ranges  0x000005a8      0x6f0 /opt/devkitPro/libnds/lib/libnds9.a(fifosystem.o)
 .debug_ranges  0x00000c98       0x90 /opt/devkitPro/libnds/lib/libnds9.a(trig.o)
 .debug_ranges  0x00000d28       0x20 /opt/devkitPro/devkitARM/lib/gcc/arm-eabi/4.3.3/thumb/crtn.o
