Archive member included because of file (symbol)

/opt/devkitPro/libnds/lib/libnds9.a(initSystem.o)
                              /opt/devkitPro/devkitARM/lib/gcc/arm-eabi/4.3.3/../../../../arm-eabi/lib/thumb/ds_arm9_crt0.o (initSystem)
/opt/devkitPro/libnds/lib/libnds9.a(sprite.o)
                              main.o (oamMain)
/opt/devkitPro/libnds/lib/libnds9.a(sprite_alloc.o)
                              /opt/devkitPro/libnds/lib/libnds9.a(sprite.o) (oamAllocReset)
/opt/devkitPro/libnds/lib/libnds9.a(system.o)
                              /opt/devkitPro/libnds/lib/libnds9.a(initSystem.o) (powerValueHandler)
/opt/devkitPro/libnds/lib/libnds9.a(trig.o)
                              /opt/devkitPro/libnds/lib/libnds9.a(sprite.o) (sinLerp)
/opt/devkitPro/libnds/lib/libnds9.a(videoGL.o)
                              main.o (glGlobalData)
/opt/devkitPro/libnds/lib/libnds9.a(fifosystem.o)
                              /opt/devkitPro/libnds/lib/libnds9.a(initSystem.o) (fifoSetValue32Handler)
/opt/devkitPro/libnds/lib/libnds9.a(interrupts.o)
                              main.o (irqSet)
/opt/devkitPro/libnds/lib/libnds9.a(dcache.o)
                              /opt/devkitPro/libnds/lib/libnds9.a(sprite.o) (DC_FlushRange)
/opt/devkitPro/libnds/lib/libnds9.a(biosCalls.o)
                              /opt/devkitPro/libnds/lib/libnds9.a(system.o) (swiDelay)
/opt/devkitPro/libnds/lib/libnds9.a(interruptDispatcher.o)
                              /opt/devkitPro/libnds/lib/libnds9.a(interrupts.o) (IntrMain)
/opt/devkitPro/libnds/lib/libnds9.a(video.o)
                              /opt/devkitPro/libnds/lib/libnds9.a(videoGL.o) (vramSetMainBanks)
/opt/devkitPro/devkitARM/lib/gcc/arm-eabi/4.3.3/thumb/libgcc.a(_muldi3.o)
                              /opt/devkitPro/libnds/lib/libnds9.a(videoGL.o) (__aeabi_lmul)
/opt/devkitPro/devkitARM/lib/gcc/arm-eabi/4.3.3/../../../../arm-eabi/lib/thumb/libg.a(lib_a-bsearch.o)
                              /opt/devkitPro/libnds/lib/libnds9.a(trig.o) (bsearch)
/opt/devkitPro/devkitARM/lib/gcc/arm-eabi/4.3.3/../../../../arm-eabi/lib/thumb/libg.a(lib_a-init.o)
                              /opt/devkitPro/devkitARM/lib/gcc/arm-eabi/4.3.3/../../../../arm-eabi/lib/thumb/ds_arm9_crt0.o (__libc_init_array)
/opt/devkitPro/devkitARM/lib/gcc/arm-eabi/4.3.3/../../../../arm-eabi/lib/thumb/libg.a(lib_a-malloc.o)
                              /opt/devkitPro/libnds/lib/libnds9.a(sprite_alloc.o) (malloc)
/opt/devkitPro/devkitARM/lib/gcc/arm-eabi/4.3.3/../../../../arm-eabi/lib/thumb/libg.a(lib_a-mallocr.o)
                              /opt/devkitPro/devkitARM/lib/gcc/arm-eabi/4.3.3/../../../../arm-eabi/lib/thumb/libg.a(lib_a-malloc.o) (_malloc_r)
/opt/devkitPro/devkitARM/lib/gcc/arm-eabi/4.3.3/../../../../arm-eabi/lib/thumb/libg.a(lib_a-mlock.o)
                              /opt/devkitPro/devkitARM/lib/gcc/arm-eabi/4.3.3/../../../../arm-eabi/lib/thumb/libg.a(lib_a-mallocr.o) (__malloc_lock)
/opt/devkitPro/devkitARM/lib/gcc/arm-eabi/4.3.3/../../../../arm-eabi/lib/thumb/libg.a(lib_a-realloc.o)
                              /opt/devkitPro/libnds/lib/libnds9.a(sprite_alloc.o) (realloc)
/opt/devkitPro/devkitARM/lib/gcc/arm-eabi/4.3.3/../../../../arm-eabi/lib/thumb/libg.a(lib_a-reallocr.o)
                              /opt/devkitPro/devkitARM/lib/gcc/arm-eabi/4.3.3/../../../../arm-eabi/lib/thumb/libg.a(lib_a-realloc.o) (_realloc_r)
/opt/devkitPro/devkitARM/lib/gcc/arm-eabi/4.3.3/../../../../arm-eabi/lib/thumb/libg.a(lib_a-freer.o)
                              /opt/devkitPro/devkitARM/lib/gcc/arm-eabi/4.3.3/../../../../arm-eabi/lib/thumb/libg.a(lib_a-malloc.o) (_free_r)
/opt/devkitPro/devkitARM/lib/gcc/arm-eabi/4.3.3/../../../../arm-eabi/lib/thumb/libg.a(lib_a-impure.o)
                              /opt/devkitPro/devkitARM/lib/gcc/arm-eabi/4.3.3/../../../../arm-eabi/lib/thumb/libg.a(lib_a-malloc.o) (_impure_ptr)
/opt/devkitPro/devkitARM/lib/gcc/arm-eabi/4.3.3/../../../../arm-eabi/lib/thumb/libg.a(lib_a-memmove.o)
                              /opt/devkitPro/devkitARM/lib/gcc/arm-eabi/4.3.3/../../../../arm-eabi/lib/thumb/libg.a(lib_a-reallocr.o) (memmove)
/opt/devkitPro/devkitARM/lib/gcc/arm-eabi/4.3.3/../../../../arm-eabi/lib/thumb/libsysbase.a(sbrk.o)
                              /opt/devkitPro/devkitARM/lib/gcc/arm-eabi/4.3.3/../../../../arm-eabi/lib/thumb/libg.a(lib_a-mallocr.o) (_sbrk_r)
/opt/devkitPro/devkitARM/lib/gcc/arm-eabi/4.3.3/../../../../arm-eabi/lib/thumb/libsysbase.a(times.o)
                              /opt/devkitPro/libnds/lib/libnds9.a(initSystem.o) (punixTime)
/opt/devkitPro/devkitARM/lib/gcc/arm-eabi/4.3.3/../../../../arm-eabi/lib/thumb/libsysbase.a(malloc_vars.o)
                              /opt/devkitPro/devkitARM/lib/gcc/arm-eabi/4.3.3/../../../../arm-eabi/lib/thumb/ds_arm9_crt0.o (fake_heap_end)
/opt/devkitPro/devkitARM/lib/gcc/arm-eabi/4.3.3/../../../../arm-eabi/lib/thumb/libsysbase.a(build_argv.o)
                              /opt/devkitPro/devkitARM/lib/gcc/arm-eabi/4.3.3/../../../../arm-eabi/lib/thumb/ds_arm9_crt0.o (build_argv)
/opt/devkitPro/devkitARM/lib/gcc/arm-eabi/4.3.3/../../../../arm-eabi/lib/thumb/libg.a(lib_a-errno.o)
                              /opt/devkitPro/devkitARM/lib/gcc/arm-eabi/4.3.3/../../../../arm-eabi/lib/thumb/libsysbase.a(times.o) (__errno)

Allocating common symbols
Common symbol       size              file

fifo_datamsg_data   0x40              /opt/devkitPro/libnds/lib/libnds9.a(fifosystem.o)
fifo_buffer         0x1000            /opt/devkitPro/libnds/lib/libnds9.a(fifosystem.o)
fifo_value32_func   0x40              /opt/devkitPro/libnds/lib/libnds9.a(fifosystem.o)
fifo_address_func   0x40              /opt/devkitPro/libnds/lib/libnds9.a(fifosystem.o)
fifo_freelist_start
                    0x4               /opt/devkitPro/libnds/lib/libnds9.a(fifosystem.o)
fifo_value32_data   0x40              /opt/devkitPro/libnds/lib/libnds9.a(fifosystem.o)
theTime             0x4               /opt/devkitPro/libnds/lib/libnds9.a(initSystem.o)
OamMemorySub        0x400             /opt/devkitPro/libnds/lib/libnds9.a(sprite.o)
fifo_sendwords_end  0x4               /opt/devkitPro/libnds/lib/libnds9.a(fifosystem.o)
y                   0x4               main.o
fifo_rcvdwords_start
                    0x4               /opt/devkitPro/libnds/lib/libnds9.a(fifosystem.o)
fifo_channel_start  0x40              /opt/devkitPro/libnds/lib/libnds9.a(fifosystem.o)
fifo_sendwords_start
                    0x4               /opt/devkitPro/libnds/lib/libnds9.a(fifosystem.o)
punixTime           0x4               /opt/devkitPro/devkitARM/lib/gcc/arm-eabi/4.3.3/../../../../arm-eabi/lib/thumb/libsysbase.a(times.o)
fifo_address_data   0x40              /opt/devkitPro/libnds/lib/libnds9.a(fifosystem.o)
fifo_channel_end    0x40              /opt/devkitPro/libnds/lib/libnds9.a(fifosystem.o)
glGlobalData        0x2020            /opt/devkitPro/libnds/lib/libnds9.a(videoGL.o)
fifo_rcvdwords_end  0x4               /opt/devkitPro/libnds/lib/libnds9.a(fifosystem.o)
gfx                 0x4               main.o
fifo_datamsg_func   0x40              /opt/devkitPro/libnds/lib/libnds9.a(fifosystem.o)
OamMemory           0x400             /opt/devkitPro/libnds/lib/libnds9.a(sprite.o)

Memory Configuration

Name             Origin             Length             Attributes
rom              0x08000000         0x02000000
ewram            0x02000000         0x003ff000
dtcm             0x0b000000         0x00004000
vectors          0x01000000         0x00000100
itcm             0x01000100         0x00007f00
*default*        0x00000000         0xffffffff

Linker script and memory map

                0x01000000                __vectors_start = 0x1000000
                0x01000100                __itcm_start = 0x1000100
                0x023ff000                __ewram_end = 0x23ff000
                0x023ff000                __eheap_end = 0x23ff000
                0x0b000000                __dtcm_start = 0xb000000
                0x0b004000                __dtcm_top = 0xb004000
                0x0b003ff8                __irq_flags = (__dtcm_top - 0x8)
                0x0b003ffc                __irq_vector = (__dtcm_top - 0x4)
                0x0b003f00                __sp_svc = (__dtcm_top - 0x100)
                0x0b003e00                __sp_irq = (__sp_svc - 0x100)
                0x0b003d00                __sp_usr = (__sp_irq - 0x100)

.init           0x02000000      0x30c
                0x02000000                __text_start = .
 *(.init)
 .init          0x02000000      0x300 /opt/devkitPro/devkitARM/lib/gcc/arm-eabi/4.3.3/../../../../arm-eabi/lib/thumb/ds_arm9_crt0.o
                0x02000000                _start
 .init          0x02000300        0x4 /opt/devkitPro/devkitARM/lib/gcc/arm-eabi/4.3.3/thumb/crti.o
                0x02000300                _init
 .init          0x02000304        0x8 /opt/devkitPro/devkitARM/lib/gcc/arm-eabi/4.3.3/thumb/crtn.o
                0x0200030c                . = ALIGN (0x4)

.plt
 *(.plt)

.text           0x02000310     0x4548
 *(EXCLUDE_FILE(*.itcm*) .text)
 .text          0x02000310        0x0 /opt/devkitPro/devkitARM/lib/gcc/arm-eabi/4.3.3/../../../../arm-eabi/lib/thumb/ds_arm9_crt0.o
 .text          0x02000310        0x0 /opt/devkitPro/devkitARM/lib/gcc/arm-eabi/4.3.3/thumb/crti.o
 .text          0x02000310       0x70 /opt/devkitPro/devkitARM/lib/gcc/arm-eabi/4.3.3/thumb/crtbegin.o
 .text          0x02000380        0x0 soundbank.bin.o
 .text          0x02000380        0x0 dash.o
 .text          0x02000380        0x0 ResRedBG.o
 .text          0x02000380      0x33c main.o
                0x02000380                ISR_TIMER0
                0x020003c0                main
                0x02000390                configTimer0
 .text          0x020006bc       0x68 sprite.o
                0x020006bc                configureSprites
 .text          0x02000724       0xec /opt/devkitPro/libnds/lib/libnds9.a(initSystem.o)
                0x02000724                initSystem
 .text          0x02000810      0x484 /opt/devkitPro/libnds/lib/libnds9.a(sprite.o)
                0x02000810                oamDisable
                0x02000898                oamClear
                0x02000ac4                oamRotateScale
                0x02000864                oamGetGfxPtr
                0x02000840                oamEnable
                0x020008c0                oamGfxPtrToOffset
                0x02000b24                oamUpdate
                0x02000b88                oamInit
                0x020008f8                oamSet
 .text          0x02000c94      0x364 /opt/devkitPro/libnds/lib/libnds9.a(sprite_alloc.o)
                0x02000cd0                oamCountFragments
                0x02000c94                resizeBuffer
                0x02000e0c                oamAllocReset
                0x02000cb0                getAllocHeader
                0x02000df8                oamFreeGfx
                0x02000e44                simpleAlloc
                0x02000fc0                oamAllocateGfx
                0x02000d1c                simpleFree
 .text          0x02000ff8       0xf4 /opt/devkitPro/libnds/lib/libnds9.a(system.o)
                0x020010a8                systemMsgHandler
                0x02001040                powerOn
                0x02001090                powerValueHandler
                0x02000ff8                ledBlink
                0x02001074                systemSleep
                0x02001010                powerOff
 .text          0x020010ec      0x264 /opt/devkitPro/libnds/lib/libnds9.a(trig.o)
                0x02001284                arcSinComp
                0x020012b4                asinLerp
                0x02001244                tanLerp
                0x020010ec                sinLutLookup
                0x020011f8                tanLutLookup
                0x020011dc                cosLerp
                0x02001334                acosLerp
                0x0200113c                sinLerp
 .text          0x02001350      0xa94 /opt/devkitPro/libnds/lib/libnds9.a(videoGL.o)
                0x02001498                glTexCoord2f32
                0x020017d4                glTexImage2D
                0x0200140c                glGenTextures
                0x020013dc                glResetTextures
                0x02001af0                glRotatef32i
                0x0200177c                glTexLoadPal
                0x02001524                glTexParameter
                0x02001350                glGetGlobals
                0x020015a4                getNextPaletteSlot
                0x020015f8                vramGetBank
                0x02001594                alignVal
                0x0200157c                glGetTexParameter
                0x020017b0                gluTexLoadPal
                0x02001358                glMaterialf
                0x0200144c                glBindTexture
                0x02001554                glGetTexturePointer
                0x020016b8                vramIsTextureBank
                0x0200147c                glColorTable
                0x02001718                getNextTextureSlot
                0x0200194c                glInit_C
 .text          0x02001de4     0x18b8 /opt/devkitPro/libnds/lib/libnds9.a(fifosystem.o)
                0x02002d80                fifoInternalRecvPopFirst
                0x02001e6c                fifoCheckValue32
                0x02001f7c                fifoCheckDatamsgLength
                0x02002774                fifoGetLostWordCount
                0x020026e4                fifoGetBufferUsage
                0x02003444                fifoSendValue32
                0x02003354                fifoInternalSend
                0x0200244c                fifoGetDatamsg
                0x02002264                fifoGetValue32
                0x0200207c                fifoGetAddress
                0x0200200c                fifoCountDatamsg
                0x020023b4                fifoForceValue32Handler
                0x02001ef4                fifoCheckDatamsg
                0x02002d20                fifoInternalRecvPeek
                0x02003274                fifoInternalAllocFreeBlock
                0x0200223c                fifoSetAddressHandler
                0x02002ce0                fifoInternalProtect
                0x02002628                fifoForceDatamsgHandler
                0x02003188                fifoInternalSendEnqueue
                0x020033ec                fifoSendDatamsg
                0x02002fc0                fifoInternalSendEmpty
                0x0200310c                fifoInternalSendInterrupt
                0x0200348c                fifoSendAddress
                0x02002fd0                fifoInternalSendDeque
                0x02002780                fifoInternalRecvInterrupt
                0x02001de4                fifoCheckAddress
                0x020032c8                fifoInternalFreeCheck
                0x02002e54                fifoInternalRecvWordCount
                0x02002ed4                fifoInternalRecvPushBack
                0x02002cfc                fifoInternalUnprotect
                0x020021cc                fifoForceAddressHandler
                0x02002424                fifoSetValue32Handler
                0x020030a4                fifoInternalBeginSend
                0x020034c8                fifoInit
                0x020026bc                fifoSetDatamsgHandler
                0x020032a4                fifoInternalFreeBlock
 .text          0x0200369c      0x1a8 /opt/devkitPro/libnds/lib/libnds9.a(interrupts.o)
                0x0200377c                irqEnable
                0x020036a0                irqSet
                0x020037c8                irqDisable
                0x02003700                irqInit
                0x0200369c                irqDummy
                0x0200374c                irqInitHandler
                0x02003814                irqClear
 .text          0x02003844       0x70 /opt/devkitPro/libnds/lib/libnds9.a(dcache.o)
                0x02003844                DC_FlushAll
                0x02003870                DC_FlushRange
                0x02003898                DC_InvalidateRange
                0x0200388c                DC_InvalidateAll
 *fill*         0x020038b4        0xc ff
 .text          0x020038c0       0x70 /opt/devkitPro/libnds/lib/libnds9.a(biosCalls.o)
                0x020038d0                swiSleep
                0x0200390a                swiDecompressLZSSVram
                0x020038f2                swiFastCopy
                0x020038f6                swiSqrt
                0x020038c0                swiSoftReset
                0x020038fa                swiCRC16
                0x0200390e                swiDecompressHuffman
                0x02003926                swiSetHaltCR
                0x020038dc                swiRemainder
                0x02003902                swiUnpackBits
                0x02003906                swiDecompressLZSSWram
                0x02003922                swiDecodeDelta16
                0x020038c4                swiDelay
                0x020038e2                swiDivMod
                0x02003916                swiDecompressRLEVram
                0x02003912                swiDecompressRLEWram
                0x0200391e                swiDecodeDelta8
                0x020038d8                swiDivide
                0x020038d4                swiChangeSoundBias
                0x020038cc                swiWaitForVBlank
                0x020038c8                swiIntrWait
                0x020038fe                swiIsDebugger
                0x0200391a                swiWaitForIRQ
                0x020038ee                swiCopy
 .text          0x02003930        0x0 /opt/devkitPro/libnds/lib/libnds9.a(interruptDispatcher.o)
 .text          0x02003930      0x144 /opt/devkitPro/libnds/lib/libnds9.a(video.o)
                0x020039e4                vramSetBankF
                0x02003974                vramRestoreMainBanks
                0x02003a0c                vramSetBankH
                0x020039bc                vramSetBankD
                0x020039d0                vramSetBankE
                0x02003a34                setBrightness
                0x020039f8                vramSetBankG
                0x02003994                vramSetBankB
                0x020039a8                vramSetBankC
                0x02003a20                vramSetBankI
                0x02003930                vramSetMainBanks
                0x02003980                vramSetBankA
 .text          0x02003a74       0x70 /opt/devkitPro/devkitARM/lib/gcc/arm-eabi/4.3.3/thumb/libgcc.a(_muldi3.o)
                0x02003a74                __aeabi_lmul
                0x02003a74                __muldi3
 .text          0x02003ae4       0x5c /opt/devkitPro/devkitARM/lib/gcc/arm-eabi/4.3.3/../../../../arm-eabi/lib/thumb/libg.a(lib_a-bsearch.o)
                0x02003ae4                bsearch
 .text          0x02003b40       0x88 /opt/devkitPro/devkitARM/lib/gcc/arm-eabi/4.3.3/../../../../arm-eabi/lib/thumb/libg.a(lib_a-init.o)
                0x02003b70                __libc_init_array
                0x02003b40                __libc_fini_array
 .text          0x02003bc8       0x30 /opt/devkitPro/devkitARM/lib/gcc/arm-eabi/4.3.3/../../../../arm-eabi/lib/thumb/libg.a(lib_a-malloc.o)
                0x02003be0                malloc
                0x02003bc8                free
 .text          0x02003bf8      0x510 /opt/devkitPro/devkitARM/lib/gcc/arm-eabi/4.3.3/../../../../arm-eabi/lib/thumb/libg.a(lib_a-mallocr.o)
                0x02003bf8                _malloc_r
 .text          0x02004108        0x8 /opt/devkitPro/devkitARM/lib/gcc/arm-eabi/4.3.3/../../../../arm-eabi/lib/thumb/libg.a(lib_a-mlock.o)
                0x0200410c                __malloc_unlock
                0x02004108                __malloc_lock
 .text          0x02004110       0x1c /opt/devkitPro/devkitARM/lib/gcc/arm-eabi/4.3.3/../../../../arm-eabi/lib/thumb/libg.a(lib_a-realloc.o)
                0x02004110                realloc
 .text          0x0200412c      0x340 /opt/devkitPro/devkitARM/lib/gcc/arm-eabi/4.3.3/../../../../arm-eabi/lib/thumb/libg.a(lib_a-reallocr.o)
                0x0200412c                _realloc_r
 .text          0x0200446c      0x23c /opt/devkitPro/devkitARM/lib/gcc/arm-eabi/4.3.3/../../../../arm-eabi/lib/thumb/libg.a(lib_a-freer.o)
                0x02004514                _free_r
                0x0200446c                _malloc_trim_r
 .text          0x020046a8        0x0 /opt/devkitPro/devkitARM/lib/gcc/arm-eabi/4.3.3/../../../../arm-eabi/lib/thumb/libg.a(lib_a-impure.o)
 .text          0x020046a8       0xb0 /opt/devkitPro/devkitARM/lib/gcc/arm-eabi/4.3.3/../../../../arm-eabi/lib/thumb/libg.a(lib_a-memmove.o)
                0x020046a8                memmove
 .text          0x02004758       0x54 /opt/devkitPro/devkitARM/lib/gcc/arm-eabi/4.3.3/../../../../arm-eabi/lib/thumb/libsysbase.a(sbrk.o)
                0x02004758                _sbrk_r
 .text          0x020047ac       0x4c /opt/devkitPro/devkitARM/lib/gcc/arm-eabi/4.3.3/../../../../arm-eabi/lib/thumb/libsysbase.a(times.o)
                0x020047b4                _gettimeofday_r
                0x020047ac                _times_r
                0x020047e0                _times
 .text          0x020047f8        0x0 /opt/devkitPro/devkitARM/lib/gcc/arm-eabi/4.3.3/../../../../arm-eabi/lib/thumb/libsysbase.a(malloc_vars.o)
 .text          0x020047f8       0x54 /opt/devkitPro/devkitARM/lib/gcc/arm-eabi/4.3.3/../../../../arm-eabi/lib/thumb/libsysbase.a(build_argv.o)
                0x020047f8                build_argv
 .text          0x0200484c        0xc /opt/devkitPro/devkitARM/lib/gcc/arm-eabi/4.3.3/../../../../arm-eabi/lib/thumb/libg.a(lib_a-errno.o)
                0x0200484c                __errno
 .text          0x02004858        0x0 /opt/devkitPro/devkitARM/lib/gcc/arm-eabi/4.3.3/thumb/crtend.o
 .text          0x02004858        0x0 /opt/devkitPro/devkitARM/lib/gcc/arm-eabi/4.3.3/thumb/crtn.o
 *(.text.*)
 *(.stub)
 *(.gnu.warning)
 *(.gnu.linkonce.t*)
 *(.glue_7)
 .glue_7        0x02004858        0x0 /opt/devkitPro/devkitARM/lib/gcc/arm-eabi/4.3.3/../../../../arm-eabi/lib/thumb/ds_arm9_crt0.o
 .glue_7        0x02004858        0x0 /opt/devkitPro/devkitARM/lib/gcc/arm-eabi/4.3.3/thumb/crti.o
 .glue_7        0x02004858        0x0 /opt/devkitPro/devkitARM/lib/gcc/arm-eabi/4.3.3/thumb/crtbegin.o
 .glue_7        0x02004858        0x0 soundbank.bin.o
 .glue_7        0x02004858        0x0 dash.o
 .glue_7        0x02004858        0x0 ResRedBG.o
 .glue_7        0x02004858        0x0 main.o
 .glue_7        0x02004858        0x0 sprite.o
 .glue_7        0x02004858        0x0 /opt/devkitPro/libnds/lib/libnds9.a(initSystem.o)
 .glue_7        0x02004858        0x0 /opt/devkitPro/libnds/lib/libnds9.a(sprite.o)
 .glue_7        0x02004858        0x0 /opt/devkitPro/libnds/lib/libnds9.a(sprite_alloc.o)
 .glue_7        0x02004858        0x0 /opt/devkitPro/libnds/lib/libnds9.a(system.o)
 .glue_7        0x02004858        0x0 /opt/devkitPro/libnds/lib/libnds9.a(trig.o)
 .glue_7        0x02004858        0x0 /opt/devkitPro/libnds/lib/libnds9.a(videoGL.o)
 .glue_7        0x02004858        0x0 /opt/devkitPro/libnds/lib/libnds9.a(fifosystem.o)
 .glue_7        0x02004858        0x0 /opt/devkitPro/libnds/lib/libnds9.a(interrupts.o)
 .glue_7        0x02004858        0x0 /opt/devkitPro/libnds/lib/libnds9.a(dcache.o)
 .glue_7        0x02004858        0x0 /opt/devkitPro/libnds/lib/libnds9.a(biosCalls.o)
 .glue_7        0x02004858        0x0 /opt/devkitPro/libnds/lib/libnds9.a(interruptDispatcher.o)
 .glue_7        0x02004858        0x0 /opt/devkitPro/libnds/lib/libnds9.a(video.o)
 .glue_7        0x02004858        0x0 /opt/devkitPro/devkitARM/lib/gcc/arm-eabi/4.3.3/thumb/libgcc.a(_muldi3.o)
 .glue_7        0x02004858        0x0 /opt/devkitPro/devkitARM/lib/gcc/arm-eabi/4.3.3/../../../../arm-eabi/lib/thumb/libg.a(lib_a-bsearch.o)
 .glue_7        0x02004858        0x0 /opt/devkitPro/devkitARM/lib/gcc/arm-eabi/4.3.3/../../../../arm-eabi/lib/thumb/libg.a(lib_a-init.o)
 .glue_7        0x02004858        0x0 /opt/devkitPro/devkitARM/lib/gcc/arm-eabi/4.3.3/../../../../arm-eabi/lib/thumb/libg.a(lib_a-malloc.o)
 .glue_7        0x02004858        0x0 /opt/devkitPro/devkitARM/lib/gcc/arm-eabi/4.3.3/../../../../arm-eabi/lib/thumb/libg.a(lib_a-mallocr.o)
 .glue_7        0x02004858        0x0 /opt/devkitPro/devkitARM/lib/gcc/arm-eabi/4.3.3/../../../../arm-eabi/lib/thumb/libg.a(lib_a-mlock.o)
 .glue_7        0x02004858        0x0 /opt/devkitPro/devkitARM/lib/gcc/arm-eabi/4.3.3/../../../../arm-eabi/lib/thumb/libg.a(lib_a-realloc.o)
 .glue_7        0x02004858        0x0 /opt/devkitPro/devkitARM/lib/gcc/arm-eabi/4.3.3/../../../../arm-eabi/lib/thumb/libg.a(lib_a-reallocr.o)
 .glue_7        0x02004858        0x0 /opt/devkitPro/devkitARM/lib/gcc/arm-eabi/4.3.3/../../../../arm-eabi/lib/thumb/libg.a(lib_a-freer.o)
 .glue_7        0x02004858        0x0 /opt/devkitPro/devkitARM/lib/gcc/arm-eabi/4.3.3/../../../../arm-eabi/lib/thumb/libg.a(lib_a-impure.o)
 .glue_7        0x02004858        0x0 /opt/devkitPro/devkitARM/lib/gcc/arm-eabi/4.3.3/../../../../arm-eabi/lib/thumb/libg.a(lib_a-memmove.o)
 .glue_7        0x02004858        0x0 /opt/devkitPro/devkitARM/lib/gcc/arm-eabi/4.3.3/../../../../arm-eabi/lib/thumb/libsysbase.a(sbrk.o)
 .glue_7        0x02004858        0x0 /opt/devkitPro/devkitARM/lib/gcc/arm-eabi/4.3.3/../../../../arm-eabi/lib/thumb/libsysbase.a(times.o)
 .glue_7        0x02004858        0x0 /opt/devkitPro/devkitARM/lib/gcc/arm-eabi/4.3.3/../../../../arm-eabi/lib/thumb/libsysbase.a(malloc_vars.o)
 .glue_7        0x02004858        0x0 /opt/devkitPro/devkitARM/lib/gcc/arm-eabi/4.3.3/../../../../arm-eabi/lib/thumb/libsysbase.a(build_argv.o)
 .glue_7        0x02004858        0x0 /opt/devkitPro/devkitARM/lib/gcc/arm-eabi/4.3.3/../../../../arm-eabi/lib/thumb/libg.a(lib_a-errno.o)
 .glue_7        0x02004858        0x0 /opt/devkitPro/devkitARM/lib/gcc/arm-eabi/4.3.3/thumb/crtend.o
 .glue_7        0x02004858        0x0 /opt/devkitPro/devkitARM/lib/gcc/arm-eabi/4.3.3/thumb/crtn.o
 *(.glue_7t)
 .glue_7t       0x02004858        0x0 /opt/devkitPro/devkitARM/lib/gcc/arm-eabi/4.3.3/../../../../arm-eabi/lib/thumb/ds_arm9_crt0.o
 .glue_7t       0x02004858        0x0 /opt/devkitPro/devkitARM/lib/gcc/arm-eabi/4.3.3/thumb/crti.o
 .glue_7t       0x02004858        0x0 /opt/devkitPro/devkitARM/lib/gcc/arm-eabi/4.3.3/thumb/crtbegin.o
 .glue_7t       0x02004858        0x0 soundbank.bin.o
 .glue_7t       0x02004858        0x0 dash.o
 .glue_7t       0x02004858        0x0 ResRedBG.o
 .glue_7t       0x02004858        0x0 main.o
 .glue_7t       0x02004858        0x0 sprite.o
 .glue_7t       0x02004858        0x0 /opt/devkitPro/libnds/lib/libnds9.a(initSystem.o)
 .glue_7t       0x02004858        0x0 /opt/devkitPro/libnds/lib/libnds9.a(sprite.o)
 .glue_7t       0x02004858        0x0 /opt/devkitPro/libnds/lib/libnds9.a(sprite_alloc.o)
 .glue_7t       0x02004858        0x0 /opt/devkitPro/libnds/lib/libnds9.a(system.o)
 .glue_7t       0x02004858        0x0 /opt/devkitPro/libnds/lib/libnds9.a(trig.o)
 .glue_7t       0x02004858        0x0 /opt/devkitPro/libnds/lib/libnds9.a(videoGL.o)
 .glue_7t       0x02004858        0x0 /opt/devkitPro/libnds/lib/libnds9.a(fifosystem.o)
 .glue_7t       0x02004858        0x0 /opt/devkitPro/libnds/lib/libnds9.a(interrupts.o)
 .glue_7t       0x02004858        0x0 /opt/devkitPro/libnds/lib/libnds9.a(dcache.o)
 .glue_7t       0x02004858        0x0 /opt/devkitPro/libnds/lib/libnds9.a(biosCalls.o)
 .glue_7t       0x02004858        0x0 /opt/devkitPro/libnds/lib/libnds9.a(interruptDispatcher.o)
 .glue_7t       0x02004858        0x0 /opt/devkitPro/libnds/lib/libnds9.a(video.o)
 .glue_7t       0x02004858        0x0 /opt/devkitPro/devkitARM/lib/gcc/arm-eabi/4.3.3/thumb/libgcc.a(_muldi3.o)
 .glue_7t       0x02004858        0x0 /opt/devkitPro/devkitARM/lib/gcc/arm-eabi/4.3.3/../../../../arm-eabi/lib/thumb/libg.a(lib_a-bsearch.o)
 .glue_7t       0x02004858        0x0 /opt/devkitPro/devkitARM/lib/gcc/arm-eabi/4.3.3/../../../../arm-eabi/lib/thumb/libg.a(lib_a-init.o)
 .glue_7t       0x02004858        0x0 /opt/devkitPro/devkitARM/lib/gcc/arm-eabi/4.3.3/../../../../arm-eabi/lib/thumb/libg.a(lib_a-malloc.o)
 .glue_7t       0x02004858        0x0 /opt/devkitPro/devkitARM/lib/gcc/arm-eabi/4.3.3/../../../../arm-eabi/lib/thumb/libg.a(lib_a-mallocr.o)
 .glue_7t       0x02004858        0x0 /opt/devkitPro/devkitARM/lib/gcc/arm-eabi/4.3.3/../../../../arm-eabi/lib/thumb/libg.a(lib_a-mlock.o)
 .glue_7t       0x02004858        0x0 /opt/devkitPro/devkitARM/lib/gcc/arm-eabi/4.3.3/../../../../arm-eabi/lib/thumb/libg.a(lib_a-realloc.o)
 .glue_7t       0x02004858        0x0 /opt/devkitPro/devkitARM/lib/gcc/arm-eabi/4.3.3/../../../../arm-eabi/lib/thumb/libg.a(lib_a-reallocr.o)
 .glue_7t       0x02004858        0x0 /opt/devkitPro/devkitARM/lib/gcc/arm-eabi/4.3.3/../../../../arm-eabi/lib/thumb/libg.a(lib_a-freer.o)
 .glue_7t       0x02004858        0x0 /opt/devkitPro/devkitARM/lib/gcc/arm-eabi/4.3.3/../../../../arm-eabi/lib/thumb/libg.a(lib_a-impure.o)
 .glue_7t       0x02004858        0x0 /opt/devkitPro/devkitARM/lib/gcc/arm-eabi/4.3.3/../../../../arm-eabi/lib/thumb/libg.a(lib_a-memmove.o)
 .glue_7t       0x02004858        0x0 /opt/devkitPro/devkitARM/lib/gcc/arm-eabi/4.3.3/../../../../arm-eabi/lib/thumb/libsysbase.a(sbrk.o)
 .glue_7t       0x02004858        0x0 /opt/devkitPro/devkitARM/lib/gcc/arm-eabi/4.3.3/../../../../arm-eabi/lib/thumb/libsysbase.a(times.o)
 .glue_7t       0x02004858        0x0 /opt/devkitPro/devkitARM/lib/gcc/arm-eabi/4.3.3/../../../../arm-eabi/lib/thumb/libsysbase.a(malloc_vars.o)
 .glue_7t       0x02004858        0x0 /opt/devkitPro/devkitARM/lib/gcc/arm-eabi/4.3.3/../../../../arm-eabi/lib/thumb/libsysbase.a(build_argv.o)
 .glue_7t       0x02004858        0x0 /opt/devkitPro/devkitARM/lib/gcc/arm-eabi/4.3.3/../../../../arm-eabi/lib/thumb/libg.a(lib_a-errno.o)
 .glue_7t       0x02004858        0x0 /opt/devkitPro/devkitARM/lib/gcc/arm-eabi/4.3.3/thumb/crtend.o
 .glue_7t       0x02004858        0x0 /opt/devkitPro/devkitARM/lib/gcc/arm-eabi/4.3.3/thumb/crtn.o
                0x02004858                . = ALIGN (0x4)

.vfp11_veneer   0x00000000        0x0
 .vfp11_veneer  0x00000000        0x0 /opt/devkitPro/devkitARM/lib/gcc/arm-eabi/4.3.3/../../../../arm-eabi/lib/thumb/ds_arm9_crt0.o
 .vfp11_veneer  0x00000000        0x0 /opt/devkitPro/devkitARM/lib/gcc/arm-eabi/4.3.3/thumb/crti.o
 .vfp11_veneer  0x00000000        0x0 /opt/devkitPro/devkitARM/lib/gcc/arm-eabi/4.3.3/thumb/crtbegin.o
 .vfp11_veneer  0x00000000        0x0 soundbank.bin.o
 .vfp11_veneer  0x00000000        0x0 dash.o
 .vfp11_veneer  0x00000000        0x0 ResRedBG.o
 .vfp11_veneer  0x00000000        0x0 main.o
 .vfp11_veneer  0x00000000        0x0 sprite.o
 .vfp11_veneer  0x00000000        0x0 /opt/devkitPro/libnds/lib/libnds9.a(initSystem.o)
 .vfp11_veneer  0x00000000        0x0 /opt/devkitPro/libnds/lib/libnds9.a(sprite.o)
 .vfp11_veneer  0x00000000        0x0 /opt/devkitPro/libnds/lib/libnds9.a(sprite_alloc.o)
 .vfp11_veneer  0x00000000        0x0 /opt/devkitPro/libnds/lib/libnds9.a(system.o)
 .vfp11_veneer  0x00000000        0x0 /opt/devkitPro/libnds/lib/libnds9.a(trig.o)
 .vfp11_veneer  0x00000000        0x0 /opt/devkitPro/libnds/lib/libnds9.a(videoGL.o)
 .vfp11_veneer  0x00000000        0x0 /opt/devkitPro/libnds/lib/libnds9.a(fifosystem.o)
 .vfp11_veneer  0x00000000        0x0 /opt/devkitPro/libnds/lib/libnds9.a(interrupts.o)
 .vfp11_veneer  0x00000000        0x0 /opt/devkitPro/libnds/lib/libnds9.a(dcache.o)
 .vfp11_veneer  0x00000000        0x0 /opt/devkitPro/libnds/lib/libnds9.a(biosCalls.o)
 .vfp11_veneer  0x00000000        0x0 /opt/devkitPro/libnds/lib/libnds9.a(interruptDispatcher.o)
 .vfp11_veneer  0x00000000        0x0 /opt/devkitPro/libnds/lib/libnds9.a(video.o)
 .vfp11_veneer  0x00000000        0x0 /opt/devkitPro/devkitARM/lib/gcc/arm-eabi/4.3.3/thumb/libgcc.a(_muldi3.o)
 .vfp11_veneer  0x00000000        0x0 /opt/devkitPro/devkitARM/lib/gcc/arm-eabi/4.3.3/../../../../arm-eabi/lib/thumb/libg.a(lib_a-bsearch.o)
 .vfp11_veneer  0x00000000        0x0 /opt/devkitPro/devkitARM/lib/gcc/arm-eabi/4.3.3/../../../../arm-eabi/lib/thumb/libg.a(lib_a-init.o)
 .vfp11_veneer  0x00000000        0x0 /opt/devkitPro/devkitARM/lib/gcc/arm-eabi/4.3.3/../../../../arm-eabi/lib/thumb/libg.a(lib_a-malloc.o)
 .vfp11_veneer  0x00000000        0x0 /opt/devkitPro/devkitARM/lib/gcc/arm-eabi/4.3.3/../../../../arm-eabi/lib/thumb/libg.a(lib_a-mallocr.o)
 .vfp11_veneer  0x00000000        0x0 /opt/devkitPro/devkitARM/lib/gcc/arm-eabi/4.3.3/../../../../arm-eabi/lib/thumb/libg.a(lib_a-mlock.o)
 .vfp11_veneer  0x00000000        0x0 /opt/devkitPro/devkitARM/lib/gcc/arm-eabi/4.3.3/../../../../arm-eabi/lib/thumb/libg.a(lib_a-realloc.o)
 .vfp11_veneer  0x00000000        0x0 /opt/devkitPro/devkitARM/lib/gcc/arm-eabi/4.3.3/../../../../arm-eabi/lib/thumb/libg.a(lib_a-reallocr.o)
 .vfp11_veneer  0x00000000        0x0 /opt/devkitPro/devkitARM/lib/gcc/arm-eabi/4.3.3/../../../../arm-eabi/lib/thumb/libg.a(lib_a-freer.o)
 .vfp11_veneer  0x00000000        0x0 /opt/devkitPro/devkitARM/lib/gcc/arm-eabi/4.3.3/../../../../arm-eabi/lib/thumb/libg.a(lib_a-impure.o)
 .vfp11_veneer  0x00000000        0x0 /opt/devkitPro/devkitARM/lib/gcc/arm-eabi/4.3.3/../../../../arm-eabi/lib/thumb/libg.a(lib_a-memmove.o)
 .vfp11_veneer  0x00000000        0x0 /opt/devkitPro/devkitARM/lib/gcc/arm-eabi/4.3.3/../../../../arm-eabi/lib/thumb/libsysbase.a(sbrk.o)
 .vfp11_veneer  0x00000000        0x0 /opt/devkitPro/devkitARM/lib/gcc/arm-eabi/4.3.3/../../../../arm-eabi/lib/thumb/libsysbase.a(times.o)
 .vfp11_veneer  0x00000000        0x0 /opt/devkitPro/devkitARM/lib/gcc/arm-eabi/4.3.3/../../../../arm-eabi/lib/thumb/libsysbase.a(malloc_vars.o)
 .vfp11_veneer  0x00000000        0x0 /opt/devkitPro/devkitARM/lib/gcc/arm-eabi/4.3.3/../../../../arm-eabi/lib/thumb/libsysbase.a(build_argv.o)
 .vfp11_veneer  0x00000000        0x0 /opt/devkitPro/devkitARM/lib/gcc/arm-eabi/4.3.3/../../../../arm-eabi/lib/thumb/libg.a(lib_a-errno.o)
 .vfp11_veneer  0x00000000        0x0 /opt/devkitPro/devkitARM/lib/gcc/arm-eabi/4.3.3/thumb/crtend.o
 .vfp11_veneer  0x00000000        0x0 /opt/devkitPro/devkitARM/lib/gcc/arm-eabi/4.3.3/thumb/crtn.o

.v4_bx          0x00000000        0x0
 .v4_bx         0x00000000        0x0 /opt/devkitPro/devkitARM/lib/gcc/arm-eabi/4.3.3/../../../../arm-eabi/lib/thumb/ds_arm9_crt0.o
 .v4_bx         0x00000000        0x0 /opt/devkitPro/devkitARM/lib/gcc/arm-eabi/4.3.3/thumb/crti.o
 .v4_bx         0x00000000        0x0 /opt/devkitPro/devkitARM/lib/gcc/arm-eabi/4.3.3/thumb/crtbegin.o
 .v4_bx         0x00000000        0x0 soundbank.bin.o
 .v4_bx         0x00000000        0x0 dash.o
 .v4_bx         0x00000000        0x0 ResRedBG.o
 .v4_bx         0x00000000        0x0 main.o
 .v4_bx         0x00000000        0x0 sprite.o
 .v4_bx         0x00000000        0x0 /opt/devkitPro/libnds/lib/libnds9.a(initSystem.o)
 .v4_bx         0x00000000        0x0 /opt/devkitPro/libnds/lib/libnds9.a(sprite.o)
 .v4_bx         0x00000000        0x0 /opt/devkitPro/libnds/lib/libnds9.a(sprite_alloc.o)
 .v4_bx         0x00000000        0x0 /opt/devkitPro/libnds/lib/libnds9.a(system.o)
 .v4_bx         0x00000000        0x0 /opt/devkitPro/libnds/lib/libnds9.a(trig.o)
 .v4_bx         0x00000000        0x0 /opt/devkitPro/libnds/lib/libnds9.a(videoGL.o)
 .v4_bx         0x00000000        0x0 /opt/devkitPro/libnds/lib/libnds9.a(fifosystem.o)
 .v4_bx         0x00000000        0x0 /opt/devkitPro/libnds/lib/libnds9.a(interrupts.o)
 .v4_bx         0x00000000        0x0 /opt/devkitPro/libnds/lib/libnds9.a(dcache.o)
 .v4_bx         0x00000000        0x0 /opt/devkitPro/libnds/lib/libnds9.a(biosCalls.o)
 .v4_bx         0x00000000        0x0 /opt/devkitPro/libnds/lib/libnds9.a(interruptDispatcher.o)
 .v4_bx         0x00000000        0x0 /opt/devkitPro/libnds/lib/libnds9.a(video.o)
 .v4_bx         0x00000000        0x0 /opt/devkitPro/devkitARM/lib/gcc/arm-eabi/4.3.3/thumb/libgcc.a(_muldi3.o)
 .v4_bx         0x00000000        0x0 /opt/devkitPro/devkitARM/lib/gcc/arm-eabi/4.3.3/../../../../arm-eabi/lib/thumb/libg.a(lib_a-bsearch.o)
 .v4_bx         0x00000000        0x0 /opt/devkitPro/devkitARM/lib/gcc/arm-eabi/4.3.3/../../../../arm-eabi/lib/thumb/libg.a(lib_a-init.o)
 .v4_bx         0x00000000        0x0 /opt/devkitPro/devkitARM/lib/gcc/arm-eabi/4.3.3/../../../../arm-eabi/lib/thumb/libg.a(lib_a-malloc.o)
 .v4_bx         0x00000000        0x0 /opt/devkitPro/devkitARM/lib/gcc/arm-eabi/4.3.3/../../../../arm-eabi/lib/thumb/libg.a(lib_a-mallocr.o)
 .v4_bx         0x00000000        0x0 /opt/devkitPro/devkitARM/lib/gcc/arm-eabi/4.3.3/../../../../arm-eabi/lib/thumb/libg.a(lib_a-mlock.o)
 .v4_bx         0x00000000        0x0 /opt/devkitPro/devkitARM/lib/gcc/arm-eabi/4.3.3/../../../../arm-eabi/lib/thumb/libg.a(lib_a-realloc.o)
 .v4_bx         0x00000000        0x0 /opt/devkitPro/devkitARM/lib/gcc/arm-eabi/4.3.3/../../../../arm-eabi/lib/thumb/libg.a(lib_a-reallocr.o)
 .v4_bx         0x00000000        0x0 /opt/devkitPro/devkitARM/lib/gcc/arm-eabi/4.3.3/../../../../arm-eabi/lib/thumb/libg.a(lib_a-freer.o)
 .v4_bx         0x00000000        0x0 /opt/devkitPro/devkitARM/lib/gcc/arm-eabi/4.3.3/../../../../arm-eabi/lib/thumb/libg.a(lib_a-impure.o)
 .v4_bx         0x00000000        0x0 /opt/devkitPro/devkitARM/lib/gcc/arm-eabi/4.3.3/../../../../arm-eabi/lib/thumb/libg.a(lib_a-memmove.o)
 .v4_bx         0x00000000        0x0 /opt/devkitPro/devkitARM/lib/gcc/arm-eabi/4.3.3/../../../../arm-eabi/lib/thumb/libsysbase.a(sbrk.o)
 .v4_bx         0x00000000        0x0 /opt/devkitPro/devkitARM/lib/gcc/arm-eabi/4.3.3/../../../../arm-eabi/lib/thumb/libsysbase.a(times.o)
 .v4_bx         0x00000000        0x0 /opt/devkitPro/devkitARM/lib/gcc/arm-eabi/4.3.3/../../../../arm-eabi/lib/thumb/libsysbase.a(malloc_vars.o)
 .v4_bx         0x00000000        0x0 /opt/devkitPro/devkitARM/lib/gcc/arm-eabi/4.3.3/../../../../arm-eabi/lib/thumb/libsysbase.a(build_argv.o)
 .v4_bx         0x00000000        0x0 /opt/devkitPro/devkitARM/lib/gcc/arm-eabi/4.3.3/../../../../arm-eabi/lib/thumb/libg.a(lib_a-errno.o)
 .v4_bx         0x00000000        0x0 /opt/devkitPro/devkitARM/lib/gcc/arm-eabi/4.3.3/thumb/crtend.o
 .v4_bx         0x00000000        0x0 /opt/devkitPro/devkitARM/lib/gcc/arm-eabi/4.3.3/thumb/crtn.o

.fini           0x02004858        0xc
 *(.fini)
 .fini          0x02004858        0x4 /opt/devkitPro/devkitARM/lib/gcc/arm-eabi/4.3.3/thumb/crti.o
                0x02004858                _fini
 .fini          0x0200485c        0x8 /opt/devkitPro/devkitARM/lib/gcc/arm-eabi/4.3.3/thumb/crtn.o
                0x02004864                __text_end = .

.rodata         0x02004864     0xce88
 *(.rodata)
 .rodata        0x02004864      0x600 dash.o
                0x02004c64                dashPal
                0x02004864                dashTiles
 .rodata        0x02004e64     0xc83c ResRedBG.o
                0x020114a4                ResRedBGPal
                0x02010ea4                ResRedBGMap
                0x02004e64                ResRedBGTiles
 .rodata        0x020116a0       0x44 /opt/devkitPro/libnds/lib/libnds9.a(videoGL.o)
 .rodata        0x020116e4        0x4 /opt/devkitPro/devkitARM/lib/gcc/arm-eabi/4.3.3/../../../../arm-eabi/lib/thumb/libg.a(lib_a-impure.o)
                0x020116e4                _global_impure_ptr
 *all.rodata*(*)
 *(.roda)
 *(.rodata.*)
 .rodata.str1.4
                0x020116e8        0x4 /opt/devkitPro/devkitARM/lib/gcc/arm-eabi/4.3.3/../../../../arm-eabi/lib/thumb/libg.a(lib_a-impure.o)
 *(.gnu.linkonce.r*)
                0x020116ec                . = ALIGN (0x4)

.ARM.extab
 *(.ARM.extab* .gnu.linkonce.armextab.*)
                0x020116ec                __exidx_start = .

.ARM.exidx
 *(.ARM.exidx* .gnu.linkonce.armexidx.*)
                0x020116ec                __exidx_end = .
                0x020116ec                . = ALIGN (0x4)
                0x020116ec                PROVIDE (__preinit_array_start, .)

.preinit_array
 *(.preinit_array)
                0x020116ec                PROVIDE (__preinit_array_end, .)
                0x020116ec                PROVIDE (__init_array_start, .)

.init_array     0x020116ec        0x4
 *(.init_array)
 .init_array    0x020116ec        0x4 /opt/devkitPro/devkitARM/lib/gcc/arm-eabi/4.3.3/thumb/crtbegin.o
                0x020116f0                PROVIDE (__init_array_end, .)
                0x020116f0                PROVIDE (__fini_array_start, .)

.fini_array     0x020116f0        0x4
 *(.fini_array)
 .fini_array    0x020116f0        0x4 /opt/devkitPro/devkitARM/lib/gcc/arm-eabi/4.3.3/thumb/crtbegin.o
                0x020116f4                PROVIDE (__fini_array_end, .)

.ctors          0x020116f4        0x0
 *crtbegin.o(.ctors)
 *(EXCLUDE_FILE(*crtend.o) .ctors)
 *(SORT(.ctors.*))
 *(.ctors)
                0x020116f4                . = ALIGN (0x4)

.dtors          0x020116f4        0x0
 *crtbegin.o(.dtors)
 *(EXCLUDE_FILE(*crtend.o) .dtors)
 *(SORT(.dtors.*))
 *(.dtors)
                0x020116f4                . = ALIGN (0x4)

.eh_frame       0x020116f4        0x4
 *(.eh_frame)
 .eh_frame      0x020116f4        0x0 /opt/devkitPro/devkitARM/lib/gcc/arm-eabi/4.3.3/thumb/crtbegin.o
 .eh_frame      0x020116f4        0x4 /opt/devkitPro/devkitARM/lib/gcc/arm-eabi/4.3.3/thumb/crtend.o
                0x020116f8                . = ALIGN (0x4)

.gcc_except_table
                0x020116f8        0x0
 *(.gcc_except_table)
                0x020116f8                . = ALIGN (0x4)

.jcr            0x020116f8        0x4
 *(.jcr)
 .jcr           0x020116f8        0x0 /opt/devkitPro/devkitARM/lib/gcc/arm-eabi/4.3.3/thumb/crtbegin.o
 .jcr           0x020116f8        0x4 /opt/devkitPro/devkitARM/lib/gcc/arm-eabi/4.3.3/thumb/crtend.o

.got
 *(.got.plt)
 *(.got)
 *(.rel.got)

.ewram          0x020116fc        0x0
                0x020116fc                __ewram_start = ABSOLUTE (.)
 *(.ewram)
 *ewram.*(.text)
                0x020116fc                . = ALIGN (0x4)

.data           0x020116fc      0xd04
                0x020116fc                __data_start = ABSOLUTE (.)
 *(.data)
 .data          0x020116fc        0x0 /opt/devkitPro/devkitARM/lib/gcc/arm-eabi/4.3.3/../../../../arm-eabi/lib/thumb/ds_arm9_crt0.o
 .data          0x020116fc        0x0 /opt/devkitPro/devkitARM/lib/gcc/arm-eabi/4.3.3/thumb/crti.o
 .data          0x020116fc        0x4 /opt/devkitPro/devkitARM/lib/gcc/arm-eabi/4.3.3/thumb/crtbegin.o
                0x020116fc                __dso_handle
 .data          0x02011700        0x0 soundbank.bin.o
 .data          0x02011700        0x0 dash.o
 .data          0x02011700        0x0 ResRedBG.o
 .data          0x02011700      0x184 main.o
                0x02011704                full
                0x020117c4                um
                0x02011744                ld
                0x02011804                rm
                0x02011844                rd
                0x02011784                lm
 .data          0x02011884        0x4 sprite.o
 .data          0x02011888        0x0 /opt/devkitPro/libnds/lib/libnds9.a(initSystem.o)
 .data          0x02011888       0x28 /opt/devkitPro/libnds/lib/libnds9.a(sprite.o)
                0x0201189c                oamSub
                0x02011888                oamMain
 .data          0x020118b0        0x0 /opt/devkitPro/libnds/lib/libnds9.a(sprite_alloc.o)
 .data          0x020118b0        0x0 /opt/devkitPro/libnds/lib/libnds9.a(system.o)
 .data          0x020118b0      0x308 /opt/devkitPro/libnds/lib/libnds9.a(trig.o)
                0x020118b0                SIN_LUT
                0x020119b4                TAN_LUT
 .data          0x02011bb8        0x4 /opt/devkitPro/libnds/lib/libnds9.a(videoGL.o)
 .data          0x02011bbc        0x0 /opt/devkitPro/libnds/lib/libnds9.a(fifosystem.o)
 .data          0x02011bbc        0x0 /opt/devkitPro/libnds/lib/libnds9.a(interrupts.o)
 .data          0x02011bbc        0x0 /opt/devkitPro/libnds/lib/libnds9.a(dcache.o)
 .data          0x02011bbc        0x0 /opt/devkitPro/libnds/lib/libnds9.a(biosCalls.o)
 .data          0x02011bbc        0x0 /opt/devkitPro/libnds/lib/libnds9.a(interruptDispatcher.o)
 .data          0x02011bbc        0x0 /opt/devkitPro/libnds/lib/libnds9.a(video.o)
 .data          0x02011bbc        0x0 /opt/devkitPro/devkitARM/lib/gcc/arm-eabi/4.3.3/thumb/libgcc.a(_muldi3.o)
 .data          0x02011bbc        0x0 /opt/devkitPro/devkitARM/lib/gcc/arm-eabi/4.3.3/../../../../arm-eabi/lib/thumb/libg.a(lib_a-bsearch.o)
 .data          0x02011bbc        0x0 /opt/devkitPro/devkitARM/lib/gcc/arm-eabi/4.3.3/../../../../arm-eabi/lib/thumb/libg.a(lib_a-init.o)
 .data          0x02011bbc        0x0 /opt/devkitPro/devkitARM/lib/gcc/arm-eabi/4.3.3/../../../../arm-eabi/lib/thumb/libg.a(lib_a-malloc.o)
 .data          0x02011bbc      0x410 /opt/devkitPro/devkitARM/lib/gcc/arm-eabi/4.3.3/../../../../arm-eabi/lib/thumb/libg.a(lib_a-mallocr.o)
                0x02011fc8                __malloc_sbrk_base
                0x02011bbc                __malloc_av_
                0x02011fc4                __malloc_trim_threshold
 .data          0x02011fcc        0x0 /opt/devkitPro/devkitARM/lib/gcc/arm-eabi/4.3.3/../../../../arm-eabi/lib/thumb/libg.a(lib_a-mlock.o)
 .data          0x02011fcc        0x0 /opt/devkitPro/devkitARM/lib/gcc/arm-eabi/4.3.3/../../../../arm-eabi/lib/thumb/libg.a(lib_a-realloc.o)
 .data          0x02011fcc        0x0 /opt/devkitPro/devkitARM/lib/gcc/arm-eabi/4.3.3/../../../../arm-eabi/lib/thumb/libg.a(lib_a-reallocr.o)
 .data          0x02011fcc        0x0 /opt/devkitPro/devkitARM/lib/gcc/arm-eabi/4.3.3/../../../../arm-eabi/lib/thumb/libg.a(lib_a-freer.o)
 *fill*         0x02011fcc        0x4 ff
 .data          0x02011fd0      0x430 /opt/devkitPro/devkitARM/lib/gcc/arm-eabi/4.3.3/../../../../arm-eabi/lib/thumb/libg.a(lib_a-impure.o)
                0x02011fd0                _impure_ptr
 .data          0x02012400        0x0 /opt/devkitPro/devkitARM/lib/gcc/arm-eabi/4.3.3/../../../../arm-eabi/lib/thumb/libg.a(lib_a-memmove.o)
 .data          0x02012400        0x0 /opt/devkitPro/devkitARM/lib/gcc/arm-eabi/4.3.3/../../../../arm-eabi/lib/thumb/libsysbase.a(sbrk.o)
 .data          0x02012400        0x0 /opt/devkitPro/devkitARM/lib/gcc/arm-eabi/4.3.3/../../../../arm-eabi/lib/thumb/libsysbase.a(times.o)
 .data          0x02012400        0x0 /opt/devkitPro/devkitARM/lib/gcc/arm-eabi/4.3.3/../../../../arm-eabi/lib/thumb/libsysbase.a(malloc_vars.o)
 .data          0x02012400        0x0 /opt/devkitPro/devkitARM/lib/gcc/arm-eabi/4.3.3/../../../../arm-eabi/lib/thumb/libsysbase.a(build_argv.o)
 .data          0x02012400        0x0 /opt/devkitPro/devkitARM/lib/gcc/arm-eabi/4.3.3/../../../../arm-eabi/lib/thumb/libg.a(lib_a-errno.o)
 .data          0x02012400        0x0 /opt/devkitPro/devkitARM/lib/gcc/arm-eabi/4.3.3/thumb/crtend.o
 .data          0x02012400        0x0 /opt/devkitPro/devkitARM/lib/gcc/arm-eabi/4.3.3/thumb/crtn.o
 *(.data.*)
 *(.gnu.linkonce.d*)
                0x02012400                . = ALIGN (0x4)
                0x02012400                __data_end = ABSOLUTE (.)
                0x02012400                __dtcm_lma = .
                0x02012400                __bss_vma = .

.dtcm           0x0b000000        0x0 load address 0x02012400
 *(.dtcm)
 *(.dtcm.*)
                0x0b000000                . = ALIGN (0x4)
                0x0b000000                __dtcm_end = ABSOLUTE (.)
                0x02012400                __itcm_lma = (__dtcm_lma + SIZEOF (.dtcm))

.itcm           0x01000100      0x190 load address 0x02012400
 *(.itcm)
 .itcm          0x01000100       0xc8 /opt/devkitPro/libnds/lib/libnds9.a(interrupts.o)
                0x01000100                irqTable
 .itcm          0x010001c8       0xc8 /opt/devkitPro/libnds/lib/libnds9.a(interruptDispatcher.o)
                0x010001c8                IntrMain
 *itcm.*(.text)
                0x01000290                . = ALIGN (0x4)
                0x01000290                __itcm_end = ABSOLUTE (.)
                0x02012590                __vectors_lma = (__itcm_lma + SIZEOF (.itcm))

.vectors        0x01000000        0x0 load address 0x02012590
 *(.vectors)
 *vectors.*(.text)
                0x01000000                . = ALIGN (0x4)
                0x01000000                __vectors_end = ABSOLUTE (.)

.sbss           0x0b000000        0x0
                0x0b000000                __sbss_start = ABSOLUTE (.)
                0x0b000000                __sbss_start__ = ABSOLUTE (.)
 *(.sbss)
                0x0b000000                . = ALIGN (0x4)
                0x0b000000                __sbss_end = ABSOLUTE (.)

.bss            0x02012400     0x3afc
                0x02012400                __bss_start = ABSOLUTE (.)
                0x02012400                __bss_start__ = ABSOLUTE (.)
 *(.dynbss)
 *(.gnu.linkonce.b*)
 *(.bss*)
 .bss           0x02012400        0x0 /opt/devkitPro/devkitARM/lib/gcc/arm-eabi/4.3.3/../../../../arm-eabi/lib/thumb/ds_arm9_crt0.o
 .bss           0x02012400        0x0 /opt/devkitPro/devkitARM/lib/gcc/arm-eabi/4.3.3/thumb/crti.o
 .bss           0x02012400       0x1c /opt/devkitPro/devkitARM/lib/gcc/arm-eabi/4.3.3/thumb/crtbegin.o
 .bss           0x0201241c        0x0 soundbank.bin.o
 .bss           0x0201241c        0x0 dash.o
 .bss           0x0201241c        0x0 ResRedBG.o
 .bss           0x0201241c       0x40 main.o
                0x0201241c                empty
 .bss           0x0201245c        0x0 sprite.o
 .bss           0x0201245c        0x0 /opt/devkitPro/libnds/lib/libnds9.a(initSystem.o)
 .bss           0x0201245c        0x0 /opt/devkitPro/libnds/lib/libnds9.a(sprite.o)
 .bss           0x0201245c        0x0 /opt/devkitPro/libnds/lib/libnds9.a(sprite_alloc.o)
 .bss           0x0201245c        0x0 /opt/devkitPro/libnds/lib/libnds9.a(system.o)
 .bss           0x0201245c        0x0 /opt/devkitPro/libnds/lib/libnds9.a(trig.o)
 .bss           0x0201245c        0x8 /opt/devkitPro/libnds/lib/libnds9.a(videoGL.o)
 .bss           0x02012464       0x14 /opt/devkitPro/libnds/lib/libnds9.a(fifosystem.o)
                0x02012474                fifo_lost_words
                0x02012470                fifo_recv_status
                0x02012464                fifo_initialized
                0x0201246c                fifo_send_status
                0x02012468                fifo_protect_levels
 .bss           0x02012478        0x0 /opt/devkitPro/libnds/lib/libnds9.a(interrupts.o)
 .bss           0x02012478        0x0 /opt/devkitPro/libnds/lib/libnds9.a(dcache.o)
 .bss           0x02012478        0x0 /opt/devkitPro/libnds/lib/libnds9.a(biosCalls.o)
 .bss           0x02012478        0x0 /opt/devkitPro/libnds/lib/libnds9.a(interruptDispatcher.o)
 .bss           0x02012478        0x0 /opt/devkitPro/libnds/lib/libnds9.a(video.o)
 .bss           0x02012478        0x0 /opt/devkitPro/devkitARM/lib/gcc/arm-eabi/4.3.3/thumb/libgcc.a(_muldi3.o)
 .bss           0x02012478        0x0 /opt/devkitPro/devkitARM/lib/gcc/arm-eabi/4.3.3/../../../../arm-eabi/lib/thumb/libg.a(lib_a-bsearch.o)
 .bss           0x02012478        0x0 /opt/devkitPro/devkitARM/lib/gcc/arm-eabi/4.3.3/../../../../arm-eabi/lib/thumb/libg.a(lib_a-init.o)
 .bss           0x02012478        0x0 /opt/devkitPro/devkitARM/lib/gcc/arm-eabi/4.3.3/../../../../arm-eabi/lib/thumb/libg.a(lib_a-malloc.o)
 .bss           0x02012478       0x34 /opt/devkitPro/devkitARM/lib/gcc/arm-eabi/4.3.3/../../../../arm-eabi/lib/thumb/libg.a(lib_a-mallocr.o)
                0x02012478                __malloc_top_pad
                0x0201247c                __malloc_max_sbrked_mem
                0x02012484                __malloc_current_mallinfo
                0x02012480                __malloc_max_total_mem
 .bss           0x020124ac        0x0 /opt/devkitPro/devkitARM/lib/gcc/arm-eabi/4.3.3/../../../../arm-eabi/lib/thumb/libg.a(lib_a-mlock.o)
 .bss           0x020124ac        0x0 /opt/devkitPro/devkitARM/lib/gcc/arm-eabi/4.3.3/../../../../arm-eabi/lib/thumb/libg.a(lib_a-realloc.o)
 .bss           0x020124ac        0x0 /opt/devkitPro/devkitARM/lib/gcc/arm-eabi/4.3.3/../../../../arm-eabi/lib/thumb/libg.a(lib_a-reallocr.o)
 .bss           0x020124ac        0x0 /opt/devkitPro/devkitARM/lib/gcc/arm-eabi/4.3.3/../../../../arm-eabi/lib/thumb/libg.a(lib_a-freer.o)
 .bss           0x020124ac        0x0 /opt/devkitPro/devkitARM/lib/gcc/arm-eabi/4.3.3/../../../../arm-eabi/lib/thumb/libg.a(lib_a-impure.o)
 .bss           0x020124ac        0x0 /opt/devkitPro/devkitARM/lib/gcc/arm-eabi/4.3.3/../../../../arm-eabi/lib/thumb/libg.a(lib_a-memmove.o)
 .bss           0x020124ac        0x4 /opt/devkitPro/devkitARM/lib/gcc/arm-eabi/4.3.3/../../../../arm-eabi/lib/thumb/libsysbase.a(sbrk.o)
 .bss           0x020124b0        0x0 /opt/devkitPro/devkitARM/lib/gcc/arm-eabi/4.3.3/../../../../arm-eabi/lib/thumb/libsysbase.a(times.o)
 .bss           0x020124b0        0x8 /opt/devkitPro/devkitARM/lib/gcc/arm-eabi/4.3.3/../../../../arm-eabi/lib/thumb/libsysbase.a(malloc_vars.o)
                0x020124b4                fake_heap_start
                0x020124b0                fake_heap_end
 .bss           0x020124b8        0x0 /opt/devkitPro/devkitARM/lib/gcc/arm-eabi/4.3.3/../../../../arm-eabi/lib/thumb/libsysbase.a(build_argv.o)
 .bss           0x020124b8        0x0 /opt/devkitPro/devkitARM/lib/gcc/arm-eabi/4.3.3/../../../../arm-eabi/lib/thumb/libg.a(lib_a-errno.o)
 .bss           0x020124b8        0x0 /opt/devkitPro/devkitARM/lib/gcc/arm-eabi/4.3.3/thumb/crtend.o
 .bss           0x020124b8        0x0 /opt/devkitPro/devkitARM/lib/gcc/arm-eabi/4.3.3/thumb/crtn.o
 *(COMMON)
 COMMON         0x020124b8        0x8 main.o
                0x020124b8                y
                0x020124bc                gfx
 COMMON         0x020124c0        0x4 /opt/devkitPro/libnds/lib/libnds9.a(initSystem.o)
                0x020124c0                theTime
 COMMON         0x020124c4      0x800 /opt/devkitPro/libnds/lib/libnds9.a(sprite.o)
                0x020124c4                OamMemorySub
                0x020128c4                OamMemory
 COMMON         0x02012cc4     0x2020 /opt/devkitPro/libnds/lib/libnds9.a(videoGL.o)
                0x02012cc4                glGlobalData
 COMMON         0x02014ce4     0x1214 /opt/devkitPro/libnds/lib/libnds9.a(fifosystem.o)
                0x02014ce4                fifo_datamsg_data
                0x02014d24                fifo_buffer
                0x02015d24                fifo_value32_func
                0x02015d64                fifo_address_func
                0x02015da4                fifo_freelist_start
                0x02015da8                fifo_value32_data
                0x02015de8                fifo_sendwords_end
                0x02015dec                fifo_rcvdwords_start
                0x02015df0                fifo_channel_start
                0x02015e30                fifo_sendwords_start
                0x02015e34                fifo_address_data
                0x02015e74                fifo_channel_end
                0x02015eb4                fifo_rcvdwords_end
                0x02015eb8                fifo_datamsg_func
 COMMON         0x02015ef8        0x4 /opt/devkitPro/devkitARM/lib/gcc/arm-eabi/4.3.3/../../../../arm-eabi/lib/thumb/libsysbase.a(times.o)
                0x02015ef8                punixTime
                0x02015efc                . = ALIGN (0x4)
                0x02015efc                __bss_end = ABSOLUTE (.)
                0x02015efc                __bss_end__ = __bss_end
                0x02015efc                _end = __bss_end__
                0x02015efc                __end__ = __bss_end__

.stab
 *(.stab)

.stabstr
 *(.stabstr)

.stab.excl
 *(.stab.excl)

.stab.exclstr
 *(.stab.exclstr)

.stab.index
 *(.stab.index)

.stab.indexstr
 *(.stab.indexstr)

.comment        0x00000000      0x3f7
 *(.comment)
 .comment       0x00000000       0x23 /opt/devkitPro/devkitARM/lib/gcc/arm-eabi/4.3.3/thumb/crtbegin.o
 .comment       0x00000023       0x23 main.o
 .comment       0x00000046       0x23 sprite.o
 .comment       0x00000069       0x23 /opt/devkitPro/libnds/lib/libnds9.a(initSystem.o)
 .comment       0x0000008c       0x23 /opt/devkitPro/libnds/lib/libnds9.a(sprite.o)
 .comment       0x000000af       0x23 /opt/devkitPro/libnds/lib/libnds9.a(sprite_alloc.o)
 .comment       0x000000d2       0x23 /opt/devkitPro/libnds/lib/libnds9.a(system.o)
 .comment       0x000000f5       0x23 /opt/devkitPro/libnds/lib/libnds9.a(trig.o)
 .comment       0x00000118       0x23 /opt/devkitPro/libnds/lib/libnds9.a(videoGL.o)
 .comment       0x0000013b       0x23 /opt/devkitPro/libnds/lib/libnds9.a(fifosystem.o)
 .comment       0x0000015e       0x23 /opt/devkitPro/libnds/lib/libnds9.a(interrupts.o)
 .comment       0x00000181       0x23 /opt/devkitPro/libnds/lib/libnds9.a(video.o)
 .comment       0x000001a4       0x23 /opt/devkitPro/devkitARM/lib/gcc/arm-eabi/4.3.3/thumb/libgcc.a(_muldi3.o)
 .comment       0x000001c7       0x23 /opt/devkitPro/devkitARM/lib/gcc/arm-eabi/4.3.3/../../../../arm-eabi/lib/thumb/libg.a(lib_a-bsearch.o)
 .comment       0x000001ea       0x23 /opt/devkitPro/devkitARM/lib/gcc/arm-eabi/4.3.3/../../../../arm-eabi/lib/thumb/libg.a(lib_a-init.o)
 .comment       0x0000020d       0x23 /opt/devkitPro/devkitARM/lib/gcc/arm-eabi/4.3.3/../../../../arm-eabi/lib/thumb/libg.a(lib_a-malloc.o)
 .comment       0x00000230       0x23 /opt/devkitPro/devkitARM/lib/gcc/arm-eabi/4.3.3/../../../../arm-eabi/lib/thumb/libg.a(lib_a-mallocr.o)
 .comment       0x00000253       0x23 /opt/devkitPro/devkitARM/lib/gcc/arm-eabi/4.3.3/../../../../arm-eabi/lib/thumb/libg.a(lib_a-mlock.o)
 .comment       0x00000276       0x23 /opt/devkitPro/devkitARM/lib/gcc/arm-eabi/4.3.3/../../../../arm-eabi/lib/thumb/libg.a(lib_a-realloc.o)
 .comment       0x00000299       0x23 /opt/devkitPro/devkitARM/lib/gcc/arm-eabi/4.3.3/../../../../arm-eabi/lib/thumb/libg.a(lib_a-reallocr.o)
 .comment       0x000002bc       0x23 /opt/devkitPro/devkitARM/lib/gcc/arm-eabi/4.3.3/../../../../arm-eabi/lib/thumb/libg.a(lib_a-freer.o)
 .comment       0x000002df       0x23 /opt/devkitPro/devkitARM/lib/gcc/arm-eabi/4.3.3/../../../../arm-eabi/lib/thumb/libg.a(lib_a-impure.o)
 .comment       0x00000302       0x23 /opt/devkitPro/devkitARM/lib/gcc/arm-eabi/4.3.3/../../../../arm-eabi/lib/thumb/libg.a(lib_a-memmove.o)
 .comment       0x00000325       0x23 /opt/devkitPro/devkitARM/lib/gcc/arm-eabi/4.3.3/../../../../arm-eabi/lib/thumb/libsysbase.a(sbrk.o)
 .comment       0x00000348       0x23 /opt/devkitPro/devkitARM/lib/gcc/arm-eabi/4.3.3/../../../../arm-eabi/lib/thumb/libsysbase.a(times.o)
 .comment       0x0000036b       0x23 /opt/devkitPro/devkitARM/lib/gcc/arm-eabi/4.3.3/../../../../arm-eabi/lib/thumb/libsysbase.a(malloc_vars.o)
 .comment       0x0000038e       0x23 /opt/devkitPro/devkitARM/lib/gcc/arm-eabi/4.3.3/../../../../arm-eabi/lib/thumb/libsysbase.a(build_argv.o)
 .comment       0x000003b1       0x23 /opt/devkitPro/devkitARM/lib/gcc/arm-eabi/4.3.3/../../../../arm-eabi/lib/thumb/libg.a(lib_a-errno.o)
 .comment       0x000003d4       0x23 /opt/devkitPro/devkitARM/lib/gcc/arm-eabi/4.3.3/thumb/crtend.o

.debug
 *(.debug)

.line
 *(.line)

.debug_srcinfo
 *(.debug_srcinfo)

.debug_sfnames
 *(.debug_sfnames)

.debug_aranges  0x00000000      0x210
 *(.debug_aranges)
 .debug_aranges
                0x00000000       0x28 /opt/devkitPro/devkitARM/lib/gcc/arm-eabi/4.3.3/thumb/crti.o
 .debug_aranges
                0x00000028       0x20 main.o
 .debug_aranges
                0x00000048       0x20 sprite.o
 .debug_aranges
                0x00000068       0x20 /opt/devkitPro/libnds/lib/libnds9.a(initSystem.o)
 .debug_aranges
                0x00000088       0x20 /opt/devkitPro/libnds/lib/libnds9.a(sprite.o)
 .debug_aranges
                0x000000a8       0x20 /opt/devkitPro/libnds/lib/libnds9.a(sprite_alloc.o)
 .debug_aranges
                0x000000c8       0x20 /opt/devkitPro/libnds/lib/libnds9.a(system.o)
 .debug_aranges
                0x000000e8       0x20 /opt/devkitPro/libnds/lib/libnds9.a(trig.o)
 .debug_aranges
                0x00000108       0x20 /opt/devkitPro/libnds/lib/libnds9.a(videoGL.o)
 .debug_aranges
                0x00000128       0x20 /opt/devkitPro/libnds/lib/libnds9.a(fifosystem.o)
 .debug_aranges
                0x00000148       0x20 /opt/devkitPro/libnds/lib/libnds9.a(interrupts.o)
 .debug_aranges
                0x00000168       0x20 /opt/devkitPro/libnds/lib/libnds9.a(dcache.o)
 .debug_aranges
                0x00000188       0x20 /opt/devkitPro/libnds/lib/libnds9.a(biosCalls.o)
 .debug_aranges
                0x000001a8       0x20 /opt/devkitPro/libnds/lib/libnds9.a(interruptDispatcher.o)
 .debug_aranges
                0x000001c8       0x20 /opt/devkitPro/libnds/lib/libnds9.a(video.o)
 .debug_aranges
                0x000001e8       0x28 /opt/devkitPro/devkitARM/lib/gcc/arm-eabi/4.3.3/thumb/crtn.o

.debug_pubnames
                0x00000000      0xb77
 *(.debug_pubnames)
 .debug_pubnames
                0x00000000       0x7f main.o
 .debug_pubnames
                0x0000007f       0x27 sprite.o
 .debug_pubnames
                0x000000a6       0x2d /opt/devkitPro/libnds/lib/libnds9.a(initSystem.o)
 .debug_pubnames
                0x000000d3       0xd1 /opt/devkitPro/libnds/lib/libnds9.a(sprite.o)
 .debug_pubnames
                0x000001a4       0x9f /opt/devkitPro/libnds/lib/libnds9.a(sprite_alloc.o)
 .debug_pubnames
                0x00000243       0x73 /opt/devkitPro/libnds/lib/libnds9.a(system.o)
 .debug_pubnames
                0x000002b6       0x99 /opt/devkitPro/libnds/lib/libnds9.a(trig.o)
 .debug_pubnames
                0x0000034f      0x194 /opt/devkitPro/libnds/lib/libnds9.a(videoGL.o)
 .debug_pubnames
                0x000004e3      0x529 /opt/devkitPro/libnds/lib/libnds9.a(fifosystem.o)
 .debug_pubnames
                0x00000a0c       0x80 /opt/devkitPro/libnds/lib/libnds9.a(interrupts.o)
 .debug_pubnames
                0x00000a8c       0xeb /opt/devkitPro/libnds/lib/libnds9.a(video.o)

.debug_info     0x00000000     0x6b6b
 *(.debug_info)
 .debug_info    0x00000000       0x68 /opt/devkitPro/devkitARM/lib/gcc/arm-eabi/4.3.3/thumb/crti.o
 .debug_info    0x00000068      0xc92 main.o
 .debug_info    0x00000cfa      0x949 sprite.o
 .debug_info    0x00001643      0x36a /opt/devkitPro/libnds/lib/libnds9.a(initSystem.o)
 .debug_info    0x000019ad      0xc37 /opt/devkitPro/libnds/lib/libnds9.a(sprite.o)
 .debug_info    0x000025e4      0x963 /opt/devkitPro/libnds/lib/libnds9.a(sprite_alloc.o)
 .debug_info    0x00002f47      0x503 /opt/devkitPro/libnds/lib/libnds9.a(system.o)
 .debug_info    0x0000344a      0x3a7 /opt/devkitPro/libnds/lib/libnds9.a(trig.o)
 .debug_info    0x000037f1     0x1382 /opt/devkitPro/libnds/lib/libnds9.a(videoGL.o)
 .debug_info    0x00004b73     0x1452 /opt/devkitPro/libnds/lib/libnds9.a(fifosystem.o)
 .debug_info    0x00005fc5      0x321 /opt/devkitPro/libnds/lib/libnds9.a(interrupts.o)
 .debug_info    0x000062e6       0xc2 /opt/devkitPro/libnds/lib/libnds9.a(dcache.o)
 .debug_info    0x000063a8       0xc7 /opt/devkitPro/libnds/lib/libnds9.a(biosCalls.o)
 .debug_info    0x0000646f       0xd1 /opt/devkitPro/libnds/lib/libnds9.a(interruptDispatcher.o)
 .debug_info    0x00006540      0x5c3 /opt/devkitPro/libnds/lib/libnds9.a(video.o)
 .debug_info    0x00006b03       0x68 /opt/devkitPro/devkitARM/lib/gcc/arm-eabi/4.3.3/thumb/crtn.o

.debug_abbrev   0x00000000     0x16b0
 *(.debug_abbrev)
 .debug_abbrev  0x00000000       0x12 /opt/devkitPro/devkitARM/lib/gcc/arm-eabi/4.3.3/thumb/crti.o
 .debug_abbrev  0x00000012      0x24b main.o
 .debug_abbrev  0x0000025d      0x1be sprite.o
 .debug_abbrev  0x0000041b      0x15d /opt/devkitPro/libnds/lib/libnds9.a(initSystem.o)
 .debug_abbrev  0x00000578      0x2b1 /opt/devkitPro/libnds/lib/libnds9.a(sprite.o)
 .debug_abbrev  0x00000829      0x1ce /opt/devkitPro/libnds/lib/libnds9.a(sprite_alloc.o)
 .debug_abbrev  0x000009f7      0x14f /opt/devkitPro/libnds/lib/libnds9.a(system.o)
 .debug_abbrev  0x00000b46      0x178 /opt/devkitPro/libnds/lib/libnds9.a(trig.o)
 .debug_abbrev  0x00000cbe      0x3fe /opt/devkitPro/libnds/lib/libnds9.a(videoGL.o)
 .debug_abbrev  0x000010bc      0x349 /opt/devkitPro/libnds/lib/libnds9.a(fifosystem.o)
 .debug_abbrev  0x00001405      0x161 /opt/devkitPro/libnds/lib/libnds9.a(interrupts.o)
 .debug_abbrev  0x00001566       0x14 /opt/devkitPro/libnds/lib/libnds9.a(dcache.o)
 .debug_abbrev  0x0000157a       0x14 /opt/devkitPro/libnds/lib/libnds9.a(biosCalls.o)
 .debug_abbrev  0x0000158e       0x14 /opt/devkitPro/libnds/lib/libnds9.a(interruptDispatcher.o)
 .debug_abbrev  0x000015a2       0xfc /opt/devkitPro/libnds/lib/libnds9.a(video.o)
 .debug_abbrev  0x0000169e       0x12 /opt/devkitPro/devkitARM/lib/gcc/arm-eabi/4.3.3/thumb/crtn.o

.debug_line     0x00000000     0x270d
 *(.debug_line)
 .debug_line    0x00000000       0x49 /opt/devkitPro/devkitARM/lib/gcc/arm-eabi/4.3.3/thumb/crti.o
 .debug_line    0x00000049      0x22f main.o
 .debug_line    0x00000278      0x1cf sprite.o
 .debug_line    0x00000447      0x31e /opt/devkitPro/libnds/lib/libnds9.a(initSystem.o)
 .debug_line    0x00000765      0x2dc /opt/devkitPro/libnds/lib/libnds9.a(sprite.o)
 .debug_line    0x00000a41      0x2cd /opt/devkitPro/libnds/lib/libnds9.a(sprite_alloc.o)
 .debug_line    0x00000d0e      0x2d1 /opt/devkitPro/libnds/lib/libnds9.a(system.o)
 .debug_line    0x00000fdf      0x1dd /opt/devkitPro/libnds/lib/libnds9.a(trig.o)
 .debug_line    0x000011bc      0x595 /opt/devkitPro/libnds/lib/libnds9.a(videoGL.o)
 .debug_line    0x00001751      0x936 /opt/devkitPro/libnds/lib/libnds9.a(fifosystem.o)
 .debug_line    0x00002087      0x1d9 /opt/devkitPro/libnds/lib/libnds9.a(interrupts.o)
 .debug_line    0x00002260       0xa6 /opt/devkitPro/libnds/lib/libnds9.a(dcache.o)
 .debug_line    0x00002306       0xc5 /opt/devkitPro/libnds/lib/libnds9.a(biosCalls.o)
 .debug_line    0x000023cb       0xc3 /opt/devkitPro/libnds/lib/libnds9.a(interruptDispatcher.o)
 .debug_line    0x0000248e      0x200 /opt/devkitPro/libnds/lib/libnds9.a(video.o)
 .debug_line    0x0000268e       0x7f /opt/devkitPro/devkitARM/lib/gcc/arm-eabi/4.3.3/thumb/crtn.o

.debug_frame    0x00000000      0xc9c
 *(.debug_frame)
 .debug_frame   0x00000000       0x6c main.o
 .debug_frame   0x0000006c       0x28 sprite.o
 .debug_frame   0x00000094       0x2c /opt/devkitPro/libnds/lib/libnds9.a(initSystem.o)
 .debug_frame   0x000000c0      0x118 /opt/devkitPro/libnds/lib/libnds9.a(sprite.o)
 .debug_frame   0x000001d8      0x104 /opt/devkitPro/libnds/lib/libnds9.a(sprite_alloc.o)
 .debug_frame   0x000002dc       0xa4 /opt/devkitPro/libnds/lib/libnds9.a(system.o)
 .debug_frame   0x00000380       0xe0 /opt/devkitPro/libnds/lib/libnds9.a(trig.o)
 .debug_frame   0x00000460      0x240 /opt/devkitPro/libnds/lib/libnds9.a(videoGL.o)
 .debug_frame   0x000006a0      0x468 /opt/devkitPro/libnds/lib/libnds9.a(fifosystem.o)
 .debug_frame   0x00000b08       0xb0 /opt/devkitPro/libnds/lib/libnds9.a(interrupts.o)
 .debug_frame   0x00000bb8       0xe4 /opt/devkitPro/libnds/lib/libnds9.a(video.o)

.debug_str      0x00000000     0x29ff
 *(.debug_str)
 .debug_str     0x00000000      0xac6 main.o
                                0xb2b (size before relaxing)
 .debug_str     0x00000ac6      0x2c7 sprite.o
                                0x87c (size before relaxing)
 .debug_str     0x00000d8d      0x1c0 /opt/devkitPro/libnds/lib/libnds9.a(initSystem.o)
                                0x39d (size before relaxing)
 .debug_str     0x00000f4d      0x195 /opt/devkitPro/libnds/lib/libnds9.a(sprite.o)
                                0x765 (size before relaxing)
 .debug_str     0x000010e2      0x120 /opt/devkitPro/libnds/lib/libnds9.a(sprite_alloc.o)
                                0x612 (size before relaxing)
 .debug_str     0x00001202      0x2c7 /opt/devkitPro/libnds/lib/libnds9.a(system.o)
                                0x4ad (size before relaxing)
 .debug_str     0x000014c9       0xc3 /opt/devkitPro/libnds/lib/libnds9.a(trig.o)
                                0x199 (size before relaxing)
 .debug_str     0x0000158c      0x892 /opt/devkitPro/libnds/lib/libnds9.a(videoGL.o)
                                0xc6c (size before relaxing)
 .debug_str     0x00001e1e      0x71a /opt/devkitPro/libnds/lib/libnds9.a(fifosystem.o)
                                0x8ff (size before relaxing)
 .debug_str     0x00002538      0x13f /opt/devkitPro/libnds/lib/libnds9.a(interrupts.o)
                                0x2f0 (size before relaxing)
 .debug_str     0x00002677      0x388 /opt/devkitPro/libnds/lib/libnds9.a(video.o)
                                0xae7 (size before relaxing)

.debug_loc      0x00000000     0x358f
 *(.debug_loc)
 .debug_loc     0x00000000       0x82 main.o
 .debug_loc     0x00000082       0x2b sprite.o
 .debug_loc     0x000000ad       0x3e /opt/devkitPro/libnds/lib/libnds9.a(initSystem.o)
 .debug_loc     0x000000eb      0x6be /opt/devkitPro/libnds/lib/libnds9.a(sprite.o)
 .debug_loc     0x000007a9      0x59a /opt/devkitPro/libnds/lib/libnds9.a(sprite_alloc.o)
 .debug_loc     0x00000d43      0x19d /opt/devkitPro/libnds/lib/libnds9.a(system.o)
 .debug_loc     0x00000ee0      0x429 /opt/devkitPro/libnds/lib/libnds9.a(trig.o)
 .debug_loc     0x00001309      0x85d /opt/devkitPro/libnds/lib/libnds9.a(videoGL.o)
 .debug_loc     0x00001b66     0x175d /opt/devkitPro/libnds/lib/libnds9.a(fifosystem.o)
 .debug_loc     0x000032c3      0x13d /opt/devkitPro/libnds/lib/libnds9.a(interrupts.o)
 .debug_loc     0x00003400      0x18f /opt/devkitPro/libnds/lib/libnds9.a(video.o)

.debug_macinfo
 *(.debug_macinfo)

.debug_weaknames
 *(.debug_weaknames)

.debug_funcnames
 *(.debug_funcnames)

.debug_typenames
 *(.debug_typenames)

.debug_varnames
 *(.debug_varnames)

.stack          0x00080000        0x0
                0x00080000                _stack = .
 *(.stack)
LOAD /opt/devkitPro/devkitARM/lib/gcc/arm-eabi/4.3.3/../../../../arm-eabi/lib/thumb/ds_arm9_crt0.o
LOAD /opt/devkitPro/devkitARM/lib/gcc/arm-eabi/4.3.3/thumb/crti.o
LOAD /opt/devkitPro/devkitARM/lib/gcc/arm-eabi/4.3.3/thumb/crtbegin.o
LOAD soundbank.bin.o
LOAD dash.o
LOAD ResRedBG.o
LOAD main.o
LOAD sprite.o
LOAD /opt/devkitPro/libnds/lib/libnds9.a
LOAD /opt/devkitPro/libnds/lib/libmm9.a
LOAD /opt/devkitPro/devkitARM/lib/gcc/arm-eabi/4.3.3/../../../../arm-eabi/lib/thumb/libm.a
START GROUP
LOAD /opt/devkitPro/devkitARM/lib/gcc/arm-eabi/4.3.3/thumb/libgcc.a
LOAD /opt/devkitPro/devkitARM/lib/gcc/arm-eabi/4.3.3/../../../../arm-eabi/lib/thumb/libg.a
LOAD /opt/devkitPro/devkitARM/lib/gcc/arm-eabi/4.3.3/../../../../arm-eabi/lib/thumb/libc.a
LOAD /opt/devkitPro/devkitARM/lib/gcc/arm-eabi/4.3.3/../../../../arm-eabi/lib/thumb/libsysbase.a
END GROUP
LOAD /opt/devkitPro/devkitARM/lib/gcc/arm-eabi/4.3.3/thumb/crtend.o
LOAD /opt/devkitPro/devkitARM/lib/gcc/arm-eabi/4.3.3/thumb/crtn.o
OUTPUT(/home/nds/files/workspace/project-nds/ProjectTemplate/GeometryDash/GeometryDash.elf elf32-littlearm)

.ARM.attributes
                0x00000000       0x2f
 .ARM.attributes
                0x00000000       0x1f /opt/devkitPro/devkitARM/lib/gcc/arm-eabi/4.3.3/../../../../arm-eabi/lib/thumb/ds_arm9_crt0.o
 .ARM.attributes
                0x0000001f       0x1e /opt/devkitPro/devkitARM/lib/gcc/arm-eabi/4.3.3/thumb/crti.o
 .ARM.attributes
                0x0000003d       0x2e /opt/devkitPro/devkitARM/lib/gcc/arm-eabi/4.3.3/thumb/crtbegin.o
 .ARM.attributes
                0x0000006b       0x10 soundbank.bin.o
 .ARM.attributes
                0x0000007b       0x17 dash.o
 .ARM.attributes
                0x00000092       0x17 ResRedBG.o
 .ARM.attributes
                0x000000a9       0x25 main.o
 .ARM.attributes
                0x000000ce       0x25 sprite.o
 .ARM.attributes
                0x000000f3       0x25 /opt/devkitPro/libnds/lib/libnds9.a(initSystem.o)
 .ARM.attributes
                0x00000118       0x25 /opt/devkitPro/libnds/lib/libnds9.a(sprite.o)
 .ARM.attributes
                0x0000013d       0x25 /opt/devkitPro/libnds/lib/libnds9.a(sprite_alloc.o)
 .ARM.attributes
                0x00000162       0x25 /opt/devkitPro/libnds/lib/libnds9.a(system.o)
 .ARM.attributes
                0x00000187       0x25 /opt/devkitPro/libnds/lib/libnds9.a(trig.o)
 .ARM.attributes
                0x000001ac       0x25 /opt/devkitPro/libnds/lib/libnds9.a(videoGL.o)
 .ARM.attributes
                0x000001d1       0x25 /opt/devkitPro/libnds/lib/libnds9.a(fifosystem.o)
 .ARM.attributes
                0x000001f6       0x25 /opt/devkitPro/libnds/lib/libnds9.a(interrupts.o)
 .ARM.attributes
                0x0000021b       0x19 /opt/devkitPro/libnds/lib/libnds9.a(dcache.o)
 .ARM.attributes
                0x00000234       0x19 /opt/devkitPro/libnds/lib/libnds9.a(biosCalls.o)
 .ARM.attributes
                0x0000024d       0x19 /opt/devkitPro/libnds/lib/libnds9.a(interruptDispatcher.o)
 .ARM.attributes
                0x00000266       0x25 /opt/devkitPro/libnds/lib/libnds9.a(video.o)
 .ARM.attributes
                0x0000028b       0x2e /opt/devkitPro/devkitARM/lib/gcc/arm-eabi/4.3.3/thumb/libgcc.a(_muldi3.o)
 .ARM.attributes
                0x000002b9       0x2e /opt/devkitPro/devkitARM/lib/gcc/arm-eabi/4.3.3/../../../../arm-eabi/lib/thumb/libg.a(lib_a-bsearch.o)
 .ARM.attributes
                0x000002e7       0x2e /opt/devkitPro/devkitARM/lib/gcc/arm-eabi/4.3.3/../../../../arm-eabi/lib/thumb/libg.a(lib_a-init.o)
 .ARM.attributes
                0x00000315       0x2e /opt/devkitPro/devkitARM/lib/gcc/arm-eabi/4.3.3/../../../../arm-eabi/lib/thumb/libg.a(lib_a-malloc.o)
 .ARM.attributes
                0x00000343       0x2e /opt/devkitPro/devkitARM/lib/gcc/arm-eabi/4.3.3/../../../../arm-eabi/lib/thumb/libg.a(lib_a-mallocr.o)
 .ARM.attributes
                0x00000371       0x2e /opt/devkitPro/devkitARM/lib/gcc/arm-eabi/4.3.3/../../../../arm-eabi/lib/thumb/libg.a(lib_a-mlock.o)
 .ARM.attributes
                0x0000039f       0x2e /opt/devkitPro/devkitARM/lib/gcc/arm-eabi/4.3.3/../../../../arm-eabi/lib/thumb/libg.a(lib_a-realloc.o)
 .ARM.attributes
                0x000003cd       0x2e /opt/devkitPro/devkitARM/lib/gcc/arm-eabi/4.3.3/../../../../arm-eabi/lib/thumb/libg.a(lib_a-reallocr.o)
 .ARM.attributes
                0x000003fb       0x2e /opt/devkitPro/devkitARM/lib/gcc/arm-eabi/4.3.3/../../../../arm-eabi/lib/thumb/libg.a(lib_a-freer.o)
 .ARM.attributes
                0x00000429       0x2c /opt/devkitPro/devkitARM/lib/gcc/arm-eabi/4.3.3/../../../../arm-eabi/lib/thumb/libg.a(lib_a-impure.o)
 .ARM.attributes
                0x00000455       0x2e /opt/devkitPro/devkitARM/lib/gcc/arm-eabi/4.3.3/../../../../arm-eabi/lib/thumb/libg.a(lib_a-memmove.o)
 .ARM.attributes
                0x00000483       0x2e /opt/devkitPro/devkitARM/lib/gcc/arm-eabi/4.3.3/../../../../arm-eabi/lib/thumb/libsysbase.a(sbrk.o)
 .ARM.attributes
                0x000004b1       0x2e /opt/devkitPro/devkitARM/lib/gcc/arm-eabi/4.3.3/../../../../arm-eabi/lib/thumb/libsysbase.a(times.o)
 .ARM.attributes
                0x000004df       0x2c /opt/devkitPro/devkitARM/lib/gcc/arm-eabi/4.3.3/../../../../arm-eabi/lib/thumb/libsysbase.a(malloc_vars.o)
 .ARM.attributes
                0x0000050b       0x2e /opt/devkitPro/devkitARM/lib/gcc/arm-eabi/4.3.3/../../../../arm-eabi/lib/thumb/libsysbase.a(build_argv.o)
 .ARM.attributes
                0x00000539       0x2e /opt/devkitPro/devkitARM/lib/gcc/arm-eabi/4.3.3/../../../../arm-eabi/lib/thumb/libg.a(lib_a-errno.o)
 .ARM.attributes
                0x00000567       0x2c /opt/devkitPro/devkitARM/lib/gcc/arm-eabi/4.3.3/thumb/crtend.o
 .ARM.attributes
                0x00000593       0x1e /opt/devkitPro/devkitARM/lib/gcc/arm-eabi/4.3.3/thumb/crtn.o

.debug_ranges   0x00000000      0xda0
 .debug_ranges  0x00000000       0x20 /opt/devkitPro/devkitARM/lib/gcc/arm-eabi/4.3.3/thumb/crti.o
 .debug_ranges  0x00000020       0x58 /opt/devkitPro/libnds/lib/libnds9.a(sprite.o)
 .debug_ranges  0x00000078       0x90 /opt/devkitPro/libnds/lib/libnds9.a(trig.o)
 .debug_ranges  0x00000108      0x588 /opt/devkitPro/libnds/lib/libnds9.a(videoGL.o)
 .debug_ranges  0x00000690      0x6f0 /opt/devkitPro/libnds/lib/libnds9.a(fifosystem.o)
 .debug_ranges  0x00000d80       0x20 /opt/devkitPro/devkitARM/lib/gcc/arm-eabi/4.3.3/thumb/crtn.o
